Archive member included to satisfy reference by file (symbol)

c:/program files (x86)/atmel/studio/7.0/toolchain/avr8/avr8-gnu-toolchain/bin/../lib/gcc/avr/5.4.0/../../../../avr/lib/avr5\libm.a(addsf3.o)
                              main.o (__addsf3)
c:/program files (x86)/atmel/studio/7.0/toolchain/avr8/avr8-gnu-toolchain/bin/../lib/gcc/avr/5.4.0/../../../../avr/lib/avr5\libm.a(addsf3x.o)
                              c:/program files (x86)/atmel/studio/7.0/toolchain/avr8/avr8-gnu-toolchain/bin/../lib/gcc/avr/5.4.0/../../../../avr/lib/avr5\libm.a(addsf3.o) (__addsf3x)
c:/program files (x86)/atmel/studio/7.0/toolchain/avr8/avr8-gnu-toolchain/bin/../lib/gcc/avr/5.4.0/../../../../avr/lib/avr5\libm.a(cmpsf2.o)
                              main.o (__ltsf2)
c:/program files (x86)/atmel/studio/7.0/toolchain/avr8/avr8-gnu-toolchain/bin/../lib/gcc/avr/5.4.0/../../../../avr/lib/avr5\libm.a(divsf3.o)
                              main.o (__divsf3)
c:/program files (x86)/atmel/studio/7.0/toolchain/avr8/avr8-gnu-toolchain/bin/../lib/gcc/avr/5.4.0/../../../../avr/lib/avr5\libm.a(divsf3x.o)
                              c:/program files (x86)/atmel/studio/7.0/toolchain/avr8/avr8-gnu-toolchain/bin/../lib/gcc/avr/5.4.0/../../../../avr/lib/avr5\libm.a(divsf3.o) (__divsf3x)
c:/program files (x86)/atmel/studio/7.0/toolchain/avr8/avr8-gnu-toolchain/bin/../lib/gcc/avr/5.4.0/../../../../avr/lib/avr5\libm.a(fixsfsi.o)
                              main.o (__fixsfsi)
c:/program files (x86)/atmel/studio/7.0/toolchain/avr8/avr8-gnu-toolchain/bin/../lib/gcc/avr/5.4.0/../../../../avr/lib/avr5\libm.a(fixunssfsi.o)
                              c:/program files (x86)/atmel/studio/7.0/toolchain/avr8/avr8-gnu-toolchain/bin/../lib/gcc/avr/5.4.0/../../../../avr/lib/avr5\libm.a(fixsfsi.o) (__fixunssfsi)
c:/program files (x86)/atmel/studio/7.0/toolchain/avr8/avr8-gnu-toolchain/bin/../lib/gcc/avr/5.4.0/../../../../avr/lib/avr5\libm.a(floatsisf.o)
                              main.o (__floatunsisf)
c:/program files (x86)/atmel/studio/7.0/toolchain/avr8/avr8-gnu-toolchain/bin/../lib/gcc/avr/5.4.0/../../../../avr/lib/avr5\libm.a(fp_cmp.o)
                              c:/program files (x86)/atmel/studio/7.0/toolchain/avr8/avr8-gnu-toolchain/bin/../lib/gcc/avr/5.4.0/../../../../avr/lib/avr5\libm.a(cmpsf2.o) (__fp_cmp)
c:/program files (x86)/atmel/studio/7.0/toolchain/avr8/avr8-gnu-toolchain/bin/../lib/gcc/avr/5.4.0/../../../../avr/lib/avr5\libm.a(fp_inf.o)
                              c:/program files (x86)/atmel/studio/7.0/toolchain/avr8/avr8-gnu-toolchain/bin/../lib/gcc/avr/5.4.0/../../../../avr/lib/avr5\libm.a(addsf3x.o) (__fp_inf)
c:/program files (x86)/atmel/studio/7.0/toolchain/avr8/avr8-gnu-toolchain/bin/../lib/gcc/avr/5.4.0/../../../../avr/lib/avr5\libm.a(fp_nan.o)
                              c:/program files (x86)/atmel/studio/7.0/toolchain/avr8/avr8-gnu-toolchain/bin/../lib/gcc/avr/5.4.0/../../../../avr/lib/avr5\libm.a(addsf3x.o) (__fp_nan)
c:/program files (x86)/atmel/studio/7.0/toolchain/avr8/avr8-gnu-toolchain/bin/../lib/gcc/avr/5.4.0/../../../../avr/lib/avr5\libm.a(fp_pscA.o)
                              c:/program files (x86)/atmel/studio/7.0/toolchain/avr8/avr8-gnu-toolchain/bin/../lib/gcc/avr/5.4.0/../../../../avr/lib/avr5\libm.a(addsf3x.o) (__fp_pscA)
c:/program files (x86)/atmel/studio/7.0/toolchain/avr8/avr8-gnu-toolchain/bin/../lib/gcc/avr/5.4.0/../../../../avr/lib/avr5\libm.a(fp_pscB.o)
                              c:/program files (x86)/atmel/studio/7.0/toolchain/avr8/avr8-gnu-toolchain/bin/../lib/gcc/avr/5.4.0/../../../../avr/lib/avr5\libm.a(addsf3x.o) (__fp_pscB)
c:/program files (x86)/atmel/studio/7.0/toolchain/avr8/avr8-gnu-toolchain/bin/../lib/gcc/avr/5.4.0/../../../../avr/lib/avr5\libm.a(fp_round.o)
                              c:/program files (x86)/atmel/studio/7.0/toolchain/avr8/avr8-gnu-toolchain/bin/../lib/gcc/avr/5.4.0/../../../../avr/lib/avr5\libm.a(addsf3.o) (__fp_round)
c:/program files (x86)/atmel/studio/7.0/toolchain/avr8/avr8-gnu-toolchain/bin/../lib/gcc/avr/5.4.0/../../../../avr/lib/avr5\libm.a(fp_split3.o)
                              c:/program files (x86)/atmel/studio/7.0/toolchain/avr8/avr8-gnu-toolchain/bin/../lib/gcc/avr/5.4.0/../../../../avr/lib/avr5\libm.a(addsf3x.o) (__fp_split3)
c:/program files (x86)/atmel/studio/7.0/toolchain/avr8/avr8-gnu-toolchain/bin/../lib/gcc/avr/5.4.0/../../../../avr/lib/avr5\libm.a(fp_zero.o)
                              c:/program files (x86)/atmel/studio/7.0/toolchain/avr8/avr8-gnu-toolchain/bin/../lib/gcc/avr/5.4.0/../../../../avr/lib/avr5\libm.a(addsf3x.o) (__fp_zero)
c:/program files (x86)/atmel/studio/7.0/toolchain/avr8/avr8-gnu-toolchain/bin/../lib/gcc/avr/5.4.0/../../../../avr/lib/avr5\libm.a(gesf2.o)
                              main.o (__gtsf2)
c:/program files (x86)/atmel/studio/7.0/toolchain/avr8/avr8-gnu-toolchain/bin/../lib/gcc/avr/5.4.0/../../../../avr/lib/avr5\libm.a(mulsf3.o)
                              sensor_driver.o (__mulsf3)
[...]
Memory Configuration

Name             Origin             Length             Attributes
text             0x00000000         0x00020000         xr
data             0x00800060         0x0000ffa0         rw !x
eeprom           0x00810000         0x00010000         rw !x
fuse             0x00820000         0x00000003         rw !x
lock             0x00830000         0x00000400         rw !x
signature        0x00840000         0x00000400         rw !x
user_signatures  0x00850000         0x00000400         rw !x
*default*        0x00000000         0xffffffff

Linker script and memory map

Address of section .data set to 0x800100
LOAD C:/Program Files (x86)/Atmel/Studio/7.0/Packs/atmel/ATmega_DFP/1.2.209/gcc/dev/atmega328p/avr5/crtatmega328p.o
LOAD adc_driver.o
LOAD critical.o
LOAD fnqueue.o
LOAD keyboard.o
LOAD LiquidCrystal.o
LOAD main.o
LOAD sensor_driver.o
LOAD timer.o
LOAD timers.o
LOAD twi.o
LOAD Wire.o
LOAD C:\Users\brunn\AppData\Local\Temp\cciiPN95.ltrans0.ltrans.o
START GROUP
LOAD c:/program files (x86)/atmel/studio/7.0/toolchain/avr8/avr8-gnu-toolchain/bin/../lib/gcc/avr/5.4.0/../../../../avr/lib/avr5\libm.a
LOAD C:\Users\brunn\Documents\UNS\SE\libcore\libcoreArduinoUno.a
END GROUP
LOAD c:/program files (x86)/atmel/studio/7.0/toolchain/avr8/avr8-gnu-toolchain/bin/../lib/gcc/avr/5.4.0/avr5\libgcc.a
LOAD c:/program files (x86)/atmel/studio/7.0/toolchain/avr8/avr8-gnu-toolchain/bin/../lib/gcc/avr/5.4.0/../../../../avr/lib/avr5\libm.a
START GROUP
LOAD c:/program files (x86)/atmel/studio/7.0/toolchain/avr8/avr8-gnu-toolchain/bin/../lib/gcc/avr/5.4.0/avr5\libgcc.a
LOAD c:/program files (x86)/atmel/studio/7.0/toolchain/avr8/avr8-gnu-toolchain/bin/../lib/gcc/avr/5.4.0/../../../../avr/lib/avr5\libm.a
LOAD c:/program files (x86)/atmel/studio/7.0/toolchain/avr8/avr8-gnu-toolchain/bin/../lib/gcc/avr/5.4.0/../../../../avr/lib/avr5\libc.a
LOAD C:/Program Files (x86)/Atmel/Studio/7.0/Packs/atmel/ATmega_DFP/1.2.209/gcc/dev/atmega328p/avr5\libatmega328p.a
END GROUP
                0x00020000                __TEXT_REGION_LENGTH__ = DEFINED (__TEXT_REGION_LENGTH__)?__TEXT_REGION_LENGTH__:0x20000
                0x0000ffa0                __DATA_REGION_LENGTH__ = DEFINED (__DATA_REGION_LENGTH__)?__DATA_REGION_LENGTH__:0xffa0
                0x00010000                __EEPROM_REGION_LENGTH__ = DEFINED (__EEPROM_REGION_LENGTH__)?__EEPROM_REGION_LENGTH__:0x10000
                [0x00000003]                __FUSE_REGION_LENGTH__ = DEFINED (__FUSE_REGION_LENGTH__)?__FUSE_REGION_LENGTH__:0x400
                0x00000400                __LOCK_REGION_LENGTH__ = DEFINED (__LOCK_REGION_LENGTH__)?__LOCK_REGION_LENGTH__:0x400
                0x00000400                __SIGNATURE_REGION_LENGTH__ = DEFINED (__SIGNATURE_REGION_LENGTH__)?__SIGNATURE_REGION_LENGTH__:0x400
                0x00000400                __USER_SIGNATURE_REGION_LENGTH__ = DEFINED (__USER_SIGNATURE_REGION_LENGTH__)?__USER_SIGNATURE_REGION_LENGTH__:0x400

.hash
 *(.hash)

.dynsym
 *(.dynsym)

.dynstr
 *(.dynstr)

.gnu.version
 *(.gnu.version)

.gnu.version_d
 *(.gnu.version_d)

.gnu.version_r
 *(.gnu.version_r)

.rel.init
 *(.rel.init)

.rela.init
 *(.rela.init)

.rel.text
 *(.rel.text)
 *(.rel.text.*)
 *(.rel.gnu.linkonce.t*)

.rela.text
 *(.rela.text)
 *(.rela.text.*)
 *(.rela.gnu.linkonce.t*)

.rel.fini
 *(.rel.fini)

.rela.fini
 *(.rela.fini)

.rel.rodata
 *(.rel.rodata)
 *(.rel.rodata.*)
 *(.rel.gnu.linkonce.r*)

.rela.rodata
 *(.rela.rodata)
 *(.rela.rodata.*)
 *(.rela.gnu.linkonce.r*)

.rel.data
 *(.rel.data)
 *(.rel.data.*)
 *(.rel.gnu.linkonce.d*)

.rela.data
 *(.rela.data)
 *(.rela.data.*)
 *(.rela.gnu.linkonce.d*)

.rel.ctors
 *(.rel.ctors)

.rela.ctors
 *(.rela.ctors)

.rel.dtors
 *(.rel.dtors)

.rela.dtors
 *(.rela.dtors)

.rel.got
 *(.rel.got)

.rela.got
 *(.rela.got)

.rel.bss
 *(.rel.bss)

.rela.bss
 *(.rela.bss)

.rel.plt
 *(.rel.plt)

.rela.plt
 *(.rela.plt)

.text           0x00000000     0x2fa4
 *(.vectors)
 .vectors       0x00000000       0x68 C:/Program Files (x86)/Atmel/Studio/7.0/Packs/atmel/ATmega_DFP/1.2.209/gcc/dev/atmega328p/avr5/crtatmega328p.o
                0x00000000                __vector_default
                0x00000000                __vectors
 *(.vectors)
 *(.progmem.gcc*)
 .progmem.gcc_sw_table.__vector_24
                0x00000068      0x192 twi.o
                0x000001fa                . = ALIGN (0x2)
                0x000001fa                __trampolines_start = .
 *(.trampolines)
 .trampolines   0x000001fa        0x0 linker stubs
 *(.trampolines*)
                0x000001fa                __trampolines_end = .
 *libprintf_flt.a:*(.progmem.data)
 *libc.a:*(.progmem.data)
 *(.progmem*)
 .progmem.data  0x000001fa       0x50 C:\Users\brunn\AppData\Local\Temp\cciiPN95.ltrans0.ltrans.o
                0x0000024a                . = ALIGN (0x2)
 *(.jumptables)
 *(.jumptables*)
 *(.lowtext)
 *(.lowtext*)
                0x0000024a                __ctors_start = .
 *(.ctors)
 .ctors         0x0000024a        0x2 main.o
 .ctors         0x0000024c        0x2 Wire.o
 .ctors         0x0000024e        0x2 C:\Users\brunn\AppData\Local\Temp\cciiPN95.ltrans0.ltrans.o
                0x00000250                __ctors_end = .
                0x00000250                __dtors_start = .
 *(.dtors)
                0x00000250                __dtors_end = .
 SORT(*)(.ctors)
 SORT(*)(.dtors)
 *(.init0)
 .init0         0x00000250        0x0 C:/Program Files (x86)/Atmel/Studio/7.0/Packs/atmel/ATmega_DFP/1.2.209/gcc/dev/atmega328p/avr5/crtatmega328p.o
                0x00000250                __init
 *(.init0)
 *(.init1)
 *(.init1)
 *(.init2)
 .init2         0x00000250        0xc C:/Program Files (x86)/Atmel/Studio/7.0/Packs/atmel/ATmega_DFP/1.2.209/gcc/dev/atmega328p/avr5/crtatmega328p.o
 *(.init2)
 *(.init3)
 *(.init3)
 *(.init4)
 .init4         0x0000025c       0x16 c:/program files (x86)/atmel/studio/7.0/toolchain/avr8/avr8-gnu-toolchain/bin/../lib/gcc/avr/5.4.0/avr5\libgcc.a(_copy_data.o)
                0x0000025c                __do_copy_data
 .init4         0x00000272       0x10 c:/program files (x86)/atmel/studio/7.0/toolchain/avr8/avr8-gnu-toolchain/bin/../lib/gcc/avr/5.4.0/avr5\libgcc.a(_clear_bss.o)
                0x00000272                __do_clear_bss
 *(.init4)
 *(.init5)
 *(.init5)
 *(.init6)
 .init6         0x00000282       0x16 c:/program files (x86)/atmel/studio/7.0/toolchain/avr8/avr8-gnu-toolchain/bin/../lib/gcc/avr/5.4.0/avr5\libgcc.a(_ctors.o)
                0x00000282                __do_global_ctors
 *(.init6)
 *(.init7)
 *(.init7)
 *(.init8)
 *(.init8)
 *(.init9)
 .init9         0x00000298        0x8 C:/Program Files (x86)/Atmel/Studio/7.0/Packs/atmel/ATmega_DFP/1.2.209/gcc/dev/atmega328p/avr5/crtatmega328p.o
 *(.init9)
 *(.text)
 .text          0x000002a0        0x4 C:/Program Files (x86)/Atmel/Studio/7.0/Packs/atmel/ATmega_DFP/1.2.209/gcc/dev/atmega328p/avr5/crtatmega328p.o
                0x000002a0                __vector_22
                0x000002a0                __vector_1
                0x000002a0                __vector_12
                0x000002a0                __bad_interrupt
                0x000002a0                __vector_6
                0x000002a0                __vector_3
                0x000002a0                __vector_23
                0x000002a0                __vector_25
                0x000002a0                __vector_11
                0x000002a0                __vector_13
                0x000002a0                __vector_17
                0x000002a0                __vector_7
                0x000002a0                __vector_5
                0x000002a0                __vector_4
                0x000002a0                __vector_2
                0x000002a0                __vector_15
                0x000002a0                __vector_8
                0x000002a0                __vector_14
                0x000002a0                __vector_10
                0x000002a0                __vector_20
 .text          0x000002a4      0xad6 C:\Users\brunn\AppData\Local\Temp\cciiPN95.ltrans0.ltrans.o
                0x000002a4                _ZN5Print5writeEPKhj
                0x0000059e                digitalWrite
                0x00000638                pinMode
                0x000006b0                delayMicroseconds
                0x000006c6                __vector_16
                0x0000075a                _ZplRK15StringSumHelperRK6String
                0x000007c0                _ZN6StringD2Ev
                0x000007c0                _ZN6StringD1Ev
                0x000007ca                _ZN6StringC1Eih
                0x0000083a                _ZN6StringC1Ehh
                0x000008ac                _ZN6StringC2EPKc
                0x000008d6                _ZN5Print7printlnEPKc
                0x000008fe                _ZN5Print7printlnERK6String
                0x00000938                _ZN5Print5printEji
                0x000009e0                _ZN5Print5printEdi
                0x00000bfc                _ZN5Print5printEPKc
                0x00000c00                __vector_19
                0x00000c4c                __vector_18
                0x00000cb0                _ZN14HardwareSerial5beginEmh
                0x00000d7a                . = ALIGN (0x2)
 *(.text.*)
 .text._Z11adc_processv
                0x00000d7a       0x38 adc_driver.o
                0x00000d7a                _Z11adc_processv
 .text._Z8adc_initP7adc_cfg
                0x00000db2       0xac adc_driver.o
                0x00000db2                _Z8adc_initP7adc_cfg
 .text.__vector_21
                0x00000e5e       0xfe adc_driver.o
                0x00000e5e                __vector_21
 .text._Z14critical_beginv
                0x00000f5c       0x48 critical.o
                0x00000f5c                _Z14critical_beginv
 .text._Z12critical_endv
                0x00000fa4       0x3c critical.o
                0x00000fa4                _Z12critical_endv
 .text._Z12fnqueue_initv
                0x00000fe0       0x10 fnqueue.o
                0x00000fe0                _Z12fnqueue_initv
 .text._Z11fnqueue_runv
                0x00000ff0       0x58 fnqueue.o
                0x00000ff0                _Z11fnqueue_runv
 .text._Z11fnqueue_addPFvvE
                0x00001048       0x54 fnqueue.o
                0x00001048                _Z11fnqueue_addPFvvE
 .text._Z20adc_keyboard_processj
                0x0000109c       0xaa keyboard.o
                0x0000109c                _Z20adc_keyboard_processj
 .text._Z15key_up_callbackPFvvEi
                0x00001146       0x1a keyboard.o
                0x00001146                _Z15key_up_callbackPFvvEi
 .text._Z17key_down_callbackPFvvEi
                0x00001160       0x1a keyboard.o
                0x00001160                _Z17key_down_callbackPFvvEi
 .text._Z13keyboard_initv
                0x0000117a       0x24 keyboard.o
                0x0000117a                _Z13keyboard_initv
 .text._ZN5Print17availableForWriteEv
                0x0000119e        0x6 LiquidCrystal.o
                0x0000119e                _ZN5Print17availableForWriteEv
 .text._ZN5Print5flushEv
                0x000011a4        0x2 LiquidCrystal.o
                0x000011a4                _ZN5Print5flushEv
 .text._ZN13LiquidCrystal11pulseEnableEv
                0x000011a6       0x3c LiquidCrystal.o
                0x000011a6                _ZN13LiquidCrystal11pulseEnableEv
 .text._ZN13LiquidCrystal10write4bitsEh
                0x000011e2       0x5a LiquidCrystal.o
                0x000011e2                _ZN13LiquidCrystal10write4bitsEh
 .text._ZN13LiquidCrystal10write8bitsEh
                0x0000123c       0x5a LiquidCrystal.o
                0x0000123c                _ZN13LiquidCrystal10write8bitsEh
 .text._ZN13LiquidCrystal4sendEhh
                0x00001296       0x58 LiquidCrystal.o
                0x00001296                _ZN13LiquidCrystal4sendEhh
 .text._ZN13LiquidCrystal5clearEv
                0x000012ee       0x12 LiquidCrystal.o
                0x000012ee                _ZN13LiquidCrystal5clearEv
 .text._ZN13LiquidCrystal9setCursorEhh
                0x00001300       0x2a LiquidCrystal.o
                0x00001300                _ZN13LiquidCrystal9setCursorEhh
 .text._ZN13LiquidCrystal7displayEv
                0x0000132a       0x14 LiquidCrystal.o
                0x0000132a                _ZN13LiquidCrystal7displayEv
 .text._ZN13LiquidCrystal5beginEhhh
                0x0000133e      0x176 LiquidCrystal.o
                0x0000133e                _ZN13LiquidCrystal5beginEhhh
 .text._ZN13LiquidCrystalC2Ehhhhhh
                0x000014b4       0x42 LiquidCrystal.o
                0x000014b4                _ZN13LiquidCrystalC1Ehhhhhh
                0x000014b4                _ZN13LiquidCrystalC2Ehhhhhh
 .text._ZN13LiquidCrystal5writeEh
                0x000014f6        0xc LiquidCrystal.o
                0x000014f6                _ZN13LiquidCrystal5writeEh
 .text._Z8up_keyUpv
                0x00001502       0x1a main.o
                0x00001502                _Z8up_keyUpv
 .text._Z10up_keyDownv
                0x0000151c       0x1a main.o
                0x0000151c                _Z10up_keyDownv
 .text._Z11up_keyRightv
                0x00001536       0x1a main.o
                0x00001536                _Z11up_keyRightv
 .text._Z10up_keyLeftv
                0x00001550       0x1a main.o
                0x00001550                _Z10up_keyLeftv
 .text._Z12up_keySelectv
                0x0000156a       0x1a main.o
                0x0000156a                _Z12up_keySelectv
 .text._Z10down_keyUpv
                0x00001584       0x42 main.o
                0x00001584                _Z10down_keyUpv
 .text._Z12down_keyDownv
                0x000015c6       0x42 main.o
                0x000015c6                _Z12down_keyDownv
 .text._Z13down_keyRightv
                0x00001608       0x42 main.o
                0x00001608                _Z13down_keyRightv
 .text._Z12down_keyLeftv
                0x0000164a       0x5e main.o
                0x0000164a                _Z12down_keyLeftv
 .text._Z14down_keySelectv
                0x000016a8       0x3a main.o
                0x000016a8                _Z14down_keySelectv
 .text._Z10computeMaxv
                0x000016e2       0x9e main.o
                0x000016e2                _Z10computeMaxv
 .text._Z10computeMinv
                0x00001780       0x9e main.o
                0x00001780                _Z10computeMinv
 .text._Z10computeAvev
                0x0000181e       0x8e main.o
                0x0000181e                _Z10computeAvev
 .text._Z19process_temperaturef
                0x000018ac       0x86 main.o
                0x000018ac                _Z19process_temperaturef
 .text._Z12build_answerv
                0x00001932      0x16c main.o
                0x00001932                _Z12build_answerv
 .text.setup    0x00001a9e      0x114 main.o
                0x00001a9e                setup
 .text.loop     0x00001bb2        0x6 main.o
                0x00001bb2                loop
 .text._GLOBAL__sub_I_pkg_send
                0x00001bb8       0x2e main.o
 .text._Z12requestEventv
                0x00001be6       0xe4 main.o
                0x00001be6                _Z12requestEventv
 .text._Z12receiveEventi
                0x00001cca       0x66 main.o
                0x00001cca                _Z12receiveEventi
 .text._Z23process_callback_sensorv
                0x00001d30       0x3a sensor_driver.o
                0x00001d30                _Z23process_callback_sensorv
 .text._Z14timer_callbackv
                0x00001d6a        0x8 sensor_driver.o
                0x00001d6a                _Z14timer_callbackv
 .text._Z19adc_sensor_callbackj
                0x00001d72       0x1e sensor_driver.o
                0x00001d72                _Z19adc_sensor_callbackj
 .text._Z11sensor_initPFvfE
                0x00001d90       0x44 sensor_driver.o
                0x00001d90                _Z11sensor_initPFvfE
 .text._Z10timer_initPFvvE
                0x00001dd4       0x42 timer.o
                0x00001dd4                _Z10timer_initPFvvE
 .text.__vector_9
                0x00001e16       0x7a timer.o
                0x00001e16                __vector_9
 .text._Z14callback_timerv
                0x00001e90       0x6a timers.o
                0x00001e90                _Z14callback_timerv
 .text._Z10timers_newPFvvE
                0x00001efa       0x70 timers.o
                0x00001efa                _Z10timers_newPFvvE
 .text._Z12timers_startP5Timerj
                0x00001f6a       0x10 timers.o
                0x00001f6a                _Z12timers_startP5Timerj
 .text._Z8twi_initv
                0x00001f7a       0x3c twi.o
                0x00001f7a                _Z8twi_initv
 .text._Z14twi_setAddressh
                0x00001fb6        0x8 twi.o
                0x00001fb6                _Z14twi_setAddressh
 .text._Z12twi_transmitPKhh
                0x00001fbe       0x54 twi.o
                0x00001fbe                _Z12twi_transmitPKhh
 .text._Z22twi_attachSlaveRxEventPFvPhiE
                0x00002012        0xa twi.o
                0x00002012                _Z22twi_attachSlaveRxEventPFvPhiE
 .text._Z22twi_attachSlaveTxEventPFvvE
                0x0000201c        0xa twi.o
                0x0000201c                _Z22twi_attachSlaveTxEventPFvvE
 .text._Z8twi_stopv
                0x00002026       0x16 twi.o
                0x00002026                _Z8twi_stopv
 .text._Z14twi_releaseBusv
                0x0000203c        0xc twi.o
                0x0000203c                _Z14twi_releaseBusv
 .text.__vector_24
                0x00002048      0x242 twi.o
                0x00002048                __vector_24
 .text._ZN7TwoWire9availableEv
                0x0000228a       0x10 Wire.o
                0x0000228a                _ZN7TwoWire9availableEv
 .text._ZN7TwoWire4readEv
                0x0000229a       0x28 Wire.o
                0x0000229a                _ZN7TwoWire4readEv
 .text._ZN7TwoWire4peekEv
                0x000022c2       0x1e Wire.o
                0x000022c2                _ZN7TwoWire4peekEv
 .text._ZN7TwoWire5flushEv
                0x000022e0        0x2 Wire.o
                0x000022e0                _ZN7TwoWire5flushEv
 .text._ZN7TwoWire16onReceiveServiceEPhi
                0x000022e2       0x58 Wire.o
                0x000022e2                _ZN7TwoWire16onReceiveServiceEPhi
 .text._ZN7TwoWire16onRequestServiceEv
                0x0000233a       0x18 Wire.o
                0x0000233a                _ZN7TwoWire16onRequestServiceEv
 .text._ZN7TwoWire5writeEPKhj
                0x00002352       0x60 Wire.o
                0x00002352                _ZN7TwoWire5writeEPKhj
 .text._ZN7TwoWire5writeEh
                0x000023b2       0x62 Wire.o
                0x000023b2                _ZN7TwoWire5writeEh
 .text._ZN7TwoWireC2Ev
                0x00002414       0x20 Wire.o
                0x00002414                _ZN7TwoWireC1Ev
                0x00002414                _ZN7TwoWireC2Ev
 .text._ZN7TwoWire5beginEv
                0x00002434       0x26 Wire.o
                0x00002434                _ZN7TwoWire5beginEv
 .text._ZN7TwoWire5beginEh
                0x0000245a       0x12 Wire.o
                0x0000245a                _ZN7TwoWire5beginEh
 .text._ZN7TwoWire5beginEi
                0x0000246c        0x6 Wire.o
                0x0000246c                _ZN7TwoWire5beginEi
 .text._ZN7TwoWire9onReceiveEPFviE
                0x00002472        0xa Wire.o
                0x00002472                _ZN7TwoWire9onReceiveEPFviE
 .text._ZN7TwoWire9onRequestEPFvvE
                0x0000247c        0xa Wire.o
                0x0000247c                _ZN7TwoWire9onRequestEPFvvE
 .text._GLOBAL__sub_I__ZN7TwoWire8rxBufferE
                0x00002486        0xa Wire.o
 .text.startup  0x00002490       0xee C:\Users\brunn\AppData\Local\Temp\cciiPN95.ltrans0.ltrans.o
                0x00002490                main
 .text.avr-libc.fplib
                0x0000257e        0xe c:/program files (x86)/atmel/studio/7.0/toolchain/avr8/avr8-gnu-toolchain/bin/../lib/gcc/avr/5.4.0/../../../../avr/lib/avr5\libm.a(addsf3.o)
                0x0000257e                __subsf3
                0x00002580                __addsf3
 .text.avr-libc.fplib
                0x0000258c       0xcc c:/program files (x86)/atmel/studio/7.0/toolchain/avr8/avr8-gnu-toolchain/bin/../lib/gcc/avr/5.4.0/../../../../avr/lib/avr5\libm.a(addsf3x.o)
                0x000025ae                __addsf3x
 .text.avr-libc.fplib
                0x00002658        0xa c:/program files (x86)/atmel/studio/7.0/toolchain/avr8/avr8-gnu-toolchain/bin/../lib/gcc/avr/5.4.0/../../../../avr/lib/avr5\libm.a(cmpsf2.o)
                0x00002658                __nesf2
                0x00002658                __eqsf2
                0x00002658                __cmpsf2
                0x00002658                __ltsf2
                0x00002658                __lesf2
 .text.avr-libc.fplib
                0x00002662        0x8 c:/program files (x86)/atmel/studio/7.0/toolchain/avr8/avr8-gnu-toolchain/bin/../lib/gcc/avr/5.4.0/../../../../avr/lib/avr5\libm.a(divsf3.o)
                0x00002662                __divsf3
 .text.avr-libc.fplib
                0x0000266a       0xdc c:/program files (x86)/atmel/studio/7.0/toolchain/avr8/avr8-gnu-toolchain/bin/../lib/gcc/avr/5.4.0/../../../../avr/lib/avr5\libm.a(divsf3x.o)
                0x0000268a                __divsf3x
                0x00002690                __divsf3_pse
 .text.avr-libc.fplib
                0x00002746        0xe c:/program files (x86)/atmel/studio/7.0/toolchain/avr8/avr8-gnu-toolchain/bin/../lib/gcc/avr/5.4.0/../../../../avr/lib/avr5\libm.a(fixsfsi.o)
                0x00002746                __fixsfsi
 .text.avr-libc.fplib
                0x00002754       0x5e c:/program files (x86)/atmel/studio/7.0/toolchain/avr8/avr8-gnu-toolchain/bin/../lib/gcc/avr/5.4.0/../../../../avr/lib/avr5\libm.a(fixunssfsi.o)
                0x00002754                __fixunssfsi
 .text.avr-libc.fplib
                0x000027b2       0x7a c:/program files (x86)/atmel/studio/7.0/toolchain/avr8/avr8-gnu-toolchain/bin/../lib/gcc/avr/5.4.0/../../../../avr/lib/avr5\libm.a(floatsisf.o)
                0x000027b2                __floatunsisf
                0x000027b6                __floatsisf
 .text.avr-libc.fplib
                0x0000282c       0x48 c:/program files (x86)/atmel/studio/7.0/toolchain/avr8/avr8-gnu-toolchain/bin/../lib/gcc/avr/5.4.0/../../../../avr/lib/avr5\libm.a(fp_cmp.o)
                0x0000282c                __fp_cmp
 .text.avr-libc.fplib
                0x00002874        0xc c:/program files (x86)/atmel/studio/7.0/toolchain/avr8/avr8-gnu-toolchain/bin/../lib/gcc/avr/5.4.0/../../../../avr/lib/avr5\libm.a(fp_inf.o)
                0x00002874                __fp_inf
 .text.avr-libc.fplib
                0x00002880        0x6 c:/program files (x86)/atmel/studio/7.0/toolchain/avr8/avr8-gnu-toolchain/bin/../lib/gcc/avr/5.4.0/../../../../avr/lib/avr5\libm.a(fp_nan.o)
                0x00002880                __fp_nan
 .text.avr-libc.fplib
                0x00002886        0xe c:/program files (x86)/atmel/studio/7.0/toolchain/avr8/avr8-gnu-toolchain/bin/../lib/gcc/avr/5.4.0/../../../../avr/lib/avr5\libm.a(fp_pscA.o)
                0x00002886                __fp_pscA
 .text.avr-libc.fplib
                0x00002894        0xe c:/program files (x86)/atmel/studio/7.0/toolchain/avr8/avr8-gnu-toolchain/bin/../lib/gcc/avr/5.4.0/../../../../avr/lib/avr5\libm.a(fp_pscB.o)
                0x00002894                __fp_pscB
 .text.avr-libc.fplib
                0x000028a2       0x22 c:/program files (x86)/atmel/studio/7.0/toolchain/avr8/avr8-gnu-toolchain/bin/../lib/gcc/avr/5.4.0/../../../../avr/lib/avr5\libm.a(fp_round.o)
                0x000028a2                __fp_round
 .text.avr-libc.fplib
                0x000028c4       0x44 c:/program files (x86)/atmel/studio/7.0/toolchain/avr8/avr8-gnu-toolchain/bin/../lib/gcc/avr/5.4.0/../../../../avr/lib/avr5\libm.a(fp_split3.o)
                0x000028c4                __fp_split3
                0x000028d4                __fp_splitA
 .text.avr-libc.fplib
                0x00002908        0xe c:/program files (x86)/atmel/studio/7.0/toolchain/avr8/avr8-gnu-toolchain/bin/../lib/gcc/avr/5.4.0/../../../../avr/lib/avr5\libm.a(fp_zero.o)
                0x00002908                __fp_zero
                0x0000290a                __fp_szero
 .text.avr-libc.fplib
                0x00002916        0xa c:/program files (x86)/atmel/studio/7.0/toolchain/avr8/avr8-gnu-toolchain/bin/../lib/gcc/avr/5.4.0/../../../../avr/lib/avr5\libm.a(gesf2.o)
                0x00002916                __gesf2
                0x00002916                __gtsf2
 .text.avr-libc.fplib
                0x00002920        0x8 c:/program files (x86)/atmel/studio/7.0/toolchain/avr8/avr8-gnu-toolchain/bin/../lib/gcc/avr/5.4.0/../../../../avr/lib/avr5\libm.a(mulsf3.o)
                0x00002920                __mulsf3
 .text.avr-libc.fplib
                0x00002928       0xd2 c:/program files (x86)/atmel/studio/7.0/toolchain/avr8/avr8-gnu-toolchain/bin/../lib/gcc/avr/5.4.0/../../../../avr/lib/avr5\libm.a(mulsf3x.o)
                0x00002946                __mulsf3x
                0x0000294c                __mulsf3_pse
 .text.libgcc.div
                0x000029fa       0x28 c:/program files (x86)/atmel/studio/7.0/toolchain/avr8/avr8-gnu-toolchain/bin/../lib/gcc/avr/5.4.0/avr5\libgcc.a(_divmodhi4.o)
                0x000029fa                _div
                0x000029fa                __divmodhi4
 .text.libgcc.div
                0x00002a22       0x44 c:/program files (x86)/atmel/studio/7.0/toolchain/avr8/avr8-gnu-toolchain/bin/../lib/gcc/avr/5.4.0/avr5\libgcc.a(_udivmodsi4.o)
                0x00002a22                __udivmodsi4
 .text.libgcc   0x00002a66        0xc c:/program files (x86)/atmel/studio/7.0/toolchain/avr8/avr8-gnu-toolchain/bin/../lib/gcc/avr/5.4.0/avr5\libgcc.a(_tablejump2.o)
                0x00002a66                __tablejump2__
 .text.libgcc.div
                0x00002a72       0x28 c:/program files (x86)/atmel/studio/7.0/toolchain/avr8/avr8-gnu-toolchain/bin/../lib/gcc/avr/5.4.0/avr5\libgcc.a(_udivmodhi4.o)
                0x00002a72                __udivmodhi4
 .text.avr-libc
                0x00002a9a       0x16 c:/program files (x86)/atmel/studio/7.0/toolchain/avr8/avr8-gnu-toolchain/bin/../lib/gcc/avr/5.4.0/../../../../avr/lib/avr5\libc.a(itoa.o)
                0x00002a9a                __itoa
                0x00002a9a                itoa
 .text.avr-libc
                0x00002ab0       0x16 c:/program files (x86)/atmel/studio/7.0/toolchain/avr8/avr8-gnu-toolchain/bin/../lib/gcc/avr/5.4.0/../../../../avr/lib/avr5\libc.a(itoa_ncheck.o)
                0x00002ab0                __itoa_ncheck
 .text.avr-libc
                0x00002ac6       0x16 c:/program files (x86)/atmel/studio/7.0/toolchain/avr8/avr8-gnu-toolchain/bin/../lib/gcc/avr/5.4.0/../../../../avr/lib/avr5\libc.a(utoa.o)
                0x00002ac6                __utoa
                0x00002ac6                utoa
 .text.avr-libc
                0x00002adc       0x34 c:/program files (x86)/atmel/studio/7.0/toolchain/avr8/avr8-gnu-toolchain/bin/../lib/gcc/avr/5.4.0/../../../../avr/lib/avr5\libc.a(utoa_ncheck.o)
                0x00002adc                __utoa_ncheck
                0x00002ade                __utoa_common
 .text.avr-libc
                0x00002b10       0x20 c:/program files (x86)/atmel/studio/7.0/toolchain/avr8/avr8-gnu-toolchain/bin/../lib/gcc/avr/5.4.0/../../../../avr/lib/avr5\libc.a(strrev.o)
                0x00002b10                strrev
 .text.libgcc.prologue
                0x00002b30       0x38 c:/program files (x86)/atmel/studio/7.0/toolchain/avr8/avr8-gnu-toolchain/bin/../lib/gcc/avr/5.4.0/avr5\libgcc.a(_prologue.o)
                0x00002b30                __prologue_saves__
 .text.libgcc.prologue
                0x00002b68       0x36 c:/program files (x86)/atmel/studio/7.0/toolchain/avr8/avr8-gnu-toolchain/bin/../lib/gcc/avr/5.4.0/avr5\libgcc.a(_epilogue.o)
                0x00002b68                __epilogue_restores__
 .text.avr-libc.fplib
                0x00002b9e        0xa c:/program files (x86)/atmel/studio/7.0/toolchain/avr8/avr8-gnu-toolchain/bin/../lib/gcc/avr/5.4.0/../../../../avr/lib/avr5\libm.a(unordsf2.o)
                0x00002b9e                __unordsf2
 .text.avr-libc
                0x00002ba8      0x242 c:/program files (x86)/atmel/studio/7.0/toolchain/avr8/avr8-gnu-toolchain/bin/../lib/gcc/avr/5.4.0/../../../../avr/lib/avr5\libc.a(malloc.o)
                0x00002ba8                malloc
                0x00002cd8                free
 .text.avr-libc
                0x00002dea      0x18c c:/program files (x86)/atmel/studio/7.0/toolchain/avr8/avr8-gnu-toolchain/bin/../lib/gcc/avr/5.4.0/../../../../avr/lib/avr5\libc.a(realloc.o)
                0x00002dea                realloc
 .text.avr-libc
                0x00002f76        0xa c:/program files (x86)/atmel/studio/7.0/toolchain/avr8/avr8-gnu-toolchain/bin/../lib/gcc/avr/5.4.0/../../../../avr/lib/avr5\libc.a(abort.o)
                0x00002f76                abort
 .text.avr-libc
                0x00002f80       0x12 c:/program files (x86)/atmel/studio/7.0/toolchain/avr8/avr8-gnu-toolchain/bin/../lib/gcc/avr/5.4.0/../../../../avr/lib/avr5\libc.a(memcpy.o)
                0x00002f80                memcpy
 .text.avr-libc
                0x00002f92        0xe c:/program files (x86)/atmel/studio/7.0/toolchain/avr8/avr8-gnu-toolchain/bin/../lib/gcc/avr/5.4.0/../../../../avr/lib/avr5\libc.a(strcpy.o)
                0x00002f92                strcpy
                0x00002fa0                . = ALIGN (0x2)
 *(.fini9)
 .fini9         0x00002fa0        0x0 c:/program files (x86)/atmel/studio/7.0/toolchain/avr8/avr8-gnu-toolchain/bin/../lib/gcc/avr/5.4.0/avr5\libgcc.a(_exit.o)
                0x00002fa0                _exit
                0x00002fa0                exit
 *(.fini9)
 *(.fini8)
 *(.fini8)
 *(.fini7)
 *(.fini7)
 *(.fini6)
 *(.fini6)
 *(.fini5)
 *(.fini5)
 *(.fini4)
 *(.fini4)
 *(.fini3)
 *(.fini3)
 *(.fini2)
 *(.fini2)
 *(.fini1)
 *(.fini1)
 *(.fini0)
 .fini0         0x00002fa0        0x4 c:/program files (x86)/atmel/studio/7.0/toolchain/avr8/avr8-gnu-toolchain/bin/../lib/gcc/avr/5.4.0/avr5\libgcc.a(_exit.o)
 *(.fini0)
                0x00002fa4                _etext = .

.data           0x00800100       0xc4 load address 0x00002fa4
                0x00800100                PROVIDE (__data_start, .)
 *(.data)
 .data          0x00800100        0x6 c:/program files (x86)/atmel/studio/7.0/toolchain/avr8/avr8-gnu-toolchain/bin/../lib/gcc/avr/5.4.0/../../../../avr/lib/avr5\libc.a(malloc.o)
                0x00800100                __malloc_heap_end
                0x00800102                __malloc_heap_start
                0x00800104                __malloc_margin
 *(.data*)
 .data.adc_key_val
                0x00800106        0xa keyboard.o
                0x00800106                adc_key_val
 .data._ZL6oldkey
                0x00800110        0x2 keyboard.o
 *(.gnu.linkonce.d*)
 *(.rodata)
 .rodata        0x00800112       0x12 C:\Users\brunn\AppData\Local\Temp\cciiPN95.ltrans0.ltrans.o
 *(.rodata*)
 .rodata._ZTV13LiquidCrystal
                0x00800124        0xc LiquidCrystal.o
                0x00800124                _ZTV13LiquidCrystal
 .rodata.str1.1
                0x00800130       0x73 main.o
 .rodata._ZTV7TwoWire
                0x008001a3       0x12 Wire.o
                0x008001a3                _ZTV7TwoWire
 .rodata.str1.1
                0x008001b5        0xf C:\Users\brunn\AppData\Local\Temp\cciiPN95.ltrans0.ltrans.o
 *(.gnu.linkonce.r*)
                0x008001c4                . = ALIGN (0x2)
                0x008001c4                _edata = .
                0x008001c4                PROVIDE (__data_end, .)

.bss            0x008001c4      0x545
                0x008001c4                PROVIDE (__bss_start, .)
 *(.bss)
 .bss           0x008001c4       0xa6 C:\Users\brunn\AppData\Local\Temp\cciiPN95.ltrans0.ltrans.o
                0x008001c4                Serial
 *(.bss*)
 .bss.adc_channel_cfg
                0x0080026a       0x3c adc_driver.o
                0x0080026a                adc_channel_cfg
 .bss.value_adc
                0x008002a6        0x2 adc_driver.o
                0x008002a6                value_adc
 .bss._ZL10converting
                0x008002a8        0x2 adc_driver.o
 .bss._ZL14actual_channel
                0x008002aa        0x2 adc_driver.o
 .bss._ZL11anidamiento
                0x008002ac        0x2 critical.o
 .bss._ZL13fnqueue_count
                0x008002ae        0x1 fnqueue.o
 .bss._ZL12fnqueue_tail
                0x008002af        0x1 fnqueue.o
 .bss._ZL12fnqueue_head
                0x008002b0        0x1 fnqueue.o
 .bss._ZL17fnqueue_functions
                0x008002b1       0x20 fnqueue.o
 .bss.cfg_keyboard
                0x008002d1        0xa keyboard.o
                0x008002d1                cfg_keyboard
 .bss.teclas_callback
                0x008002db       0x14 keyboard.o
                0x008002db                teclas_callback
 .bss.average   0x008002ef        0x4 main.o
                0x008002ef                average
 .bss.maximum   0x008002f3        0x4 main.o
                0x008002f3                maximum
 .bss.minimum   0x008002f7        0x4 main.o
                0x008002f7                minimum
 .bss.actual    0x008002fb        0x4 main.o
                0x008002fb                actual
 .bss.temperatures
                0x008002ff      0x190 main.o
                0x008002ff                temperatures
 .bss._ZL12cant_samples
                0x0080048f        0x2 main.o
 .bss.aux_ui_ave
                0x00800491        0x1 main.o
                0x00800491                aux_ui_ave
 .bss.aux_ui_min
                0x00800492        0x1 main.o
                0x00800492                aux_ui_min
 .bss.aux_ui_max
                0x00800493        0x1 main.o
                0x00800493                aux_ui_max
 .bss.aux_ui_act
                0x00800494        0x1 main.o
                0x00800494                aux_ui_act
 .bss.aux_i_ave
                0x00800495        0x2 main.o
                0x00800495                aux_i_ave
 .bss.aux_i_min
                0x00800497        0x2 main.o
                0x00800497                aux_i_min
 .bss.aux_i_max
                0x00800499        0x2 main.o
                0x00800499                aux_i_max
 .bss.aux_i_act
                0x0080049b        0x2 main.o
                0x0080049b                aux_i_act
 .bss._ZL5index
                0x0080049d        0x2 main.o
 .bss.lcd       0x0080049f       0x18 main.o
                0x0080049f                lcd
 .bss.pos       0x008004b7        0x2 main.o
                0x008004b7                pos
 .bss.pkg_receive
                0x008004b9        0x4 main.o
                0x008004b9                pkg_receive
 .bss.pkg_send  0x008004bd      0x100 main.o
                0x008004bd                pkg_send
 .bss.adc_sensor
                0x008005bd        0xa sensor_driver.o
                0x008005bd                adc_sensor
 .bss.callback_sensor
                0x008005c7        0x2 sensor_driver.o
                0x008005c7                callback_sensor
 .bss._ZL11value_store
                0x008005c9        0x2 sensor_driver.o
 .bss.store     0x008005cb        0x1 sensor_driver.o
                0x008005cb                store
 .bss.timeout_signal
                0x008005cc        0x2 timer.o
                0x008005cc                timeout_signal
 .bss._ZL11count_timer
                0x008005ce        0x2 timer.o
 .bss._ZL9timers_SW
                0x008005d0       0x70 timers.o
 .bss._ZL5index
                0x00800640        0x2 timers.o
 .bss._ZL9twi_error
                0x00800642        0x1 twi.o
 .bss._ZL17twi_rxBufferIndex
                0x00800643        0x1 twi.o
 .bss._ZL12twi_rxBuffer
                0x00800644       0x20 twi.o
 .bss._ZL18twi_txBufferLength
                0x00800664        0x1 twi.o
 .bss._ZL17twi_txBufferIndex
                0x00800665        0x1 twi.o
 .bss._ZL12twi_txBuffer
                0x00800666       0x20 twi.o
 .bss._ZL22twi_masterBufferLength
                0x00800686        0x1 twi.o
 .bss._ZL21twi_masterBufferIndex
                0x00800687        0x1 twi.o
 .bss._ZL16twi_masterBuffer
                0x00800688       0x20 twi.o
 .bss._ZL18twi_onSlaveReceive
                0x008006a8        0x2 twi.o
 .bss._ZL19twi_onSlaveTransmit
                0x008006aa        0x2 twi.o
 .bss._ZL14twi_inRepStart
                0x008006ac        0x1 twi.o
 .bss._ZL12twi_sendStop
                0x008006ad        0x1 twi.o
 .bss._ZL9twi_slarw
                0x008006ae        0x1 twi.o
 .bss._ZL9twi_state
                0x008006af        0x1 twi.o
 .bss.Wire      0x008006b0        0xc Wire.o
                0x008006b0                Wire
 .bss._ZN7TwoWire14user_onReceiveE
                0x008006bc        0x2 Wire.o
                0x008006bc                _ZN7TwoWire14user_onReceiveE
 .bss._ZN7TwoWire14user_onRequestE
                0x008006be        0x2 Wire.o
                0x008006be                _ZN7TwoWire14user_onRequestE
 .bss._ZN7TwoWire12transmittingE
                0x008006c0        0x1 Wire.o
                0x008006c0                _ZN7TwoWire12transmittingE
 .bss._ZN7TwoWire14txBufferLengthE
                0x008006c1        0x1 Wire.o
                0x008006c1                _ZN7TwoWire14txBufferLengthE
 .bss._ZN7TwoWire13txBufferIndexE
                0x008006c2        0x1 Wire.o
                0x008006c2                _ZN7TwoWire13txBufferIndexE
 .bss._ZN7TwoWire8txBufferE
                0x008006c3       0x20 Wire.o
                0x008006c3                _ZN7TwoWire8txBufferE
 .bss._ZN7TwoWire14rxBufferLengthE
                0x008006e3        0x1 Wire.o
                0x008006e3                _ZN7TwoWire14rxBufferLengthE
 .bss._ZN7TwoWire13rxBufferIndexE
                0x008006e4        0x1 Wire.o
                0x008006e4                _ZN7TwoWire13rxBufferIndexE
 .bss._ZN7TwoWire8rxBufferE
                0x008006e5       0x20 Wire.o
                0x008006e5                _ZN7TwoWire8rxBufferE
 *(COMMON)
 COMMON         0x00800705        0x4 c:/program files (x86)/atmel/studio/7.0/toolchain/avr8/avr8-gnu-toolchain/bin/../lib/gcc/avr/5.4.0/../../../../avr/lib/avr5\libc.a(malloc.o)
                0x00800705                __brkval
                0x00800707                __flp
                0x00800709                PROVIDE (__bss_end, .)
                0x00002fa4                __data_load_start = LOADADDR (.data)
                0x00003068                __data_load_end = (__data_load_start + SIZEOF (.data))

.noinit         0x00800709        0x0
                [!provide]                PROVIDE (__noinit_start, .)
 *(.noinit*)
                [!provide]                PROVIDE (__noinit_end, .)
                0x00800709                _end = .
                0x00800709                PROVIDE (__heap_start, .)

.eeprom         0x00810000        0x0
 *(.eeprom*)
                0x00810000                __eeprom_end = .

.fuse
 *(.fuse)
 *(.lfuse)
 *(.hfuse)
 *(.efuse)

.lock
 *(.lock*)

.signature
 *(.signature*)

.user_signatures
 *(.user_signatures*)

.stab
 *(.stab)

.stabstr
 *(.stabstr)

.stab.excl
 *(.stab.excl)

.stab.exclstr
 *(.stab.exclstr)

.stab.index
 *(.stab.index)

.stab.indexstr
 *(.stab.indexstr)

.comment        0x00000000       0x30
 *(.comment)
 .comment       0x00000000       0x30 adc_driver.o
                                 0x31 (size before relaxing)
 .comment       0x00000030       0x31 critical.o
 .comment       0x00000030       0x31 fnqueue.o
 .comment       0x00000030       0x31 keyboard.o
 .comment       0x00000030       0x31 LiquidCrystal.o
 .comment       0x00000030       0x31 main.o
 .comment       0x00000030       0x31 sensor_driver.o
 .comment       0x00000030       0x31 timer.o
 .comment       0x00000030       0x31 timers.o
 .comment       0x00000030       0x31 twi.o
 .comment       0x00000030       0x31 Wire.o
 .comment       0x00000030       0x31 C:\Users\brunn\AppData\Local\Temp\cciiPN95.ltrans0.ltrans.o
 .comment       0x00000030       0x31 c:/program files (x86)/atmel/studio/7.0/toolchain/avr8/avr8-gnu-toolchain/bin/../lib/gcc/avr/5.4.0/../../../../avr/lib/avr5\libc.a(malloc.o)
 .comment       0x00000030       0x31 c:/program files (x86)/atmel/studio/7.0/toolchain/avr8/avr8-gnu-toolchain/bin/../lib/gcc/avr/5.4.0/../../../../avr/lib/avr5\libc.a(realloc.o)

.note.gnu.avr.deviceinfo
                0x00000000       0x40
 .note.gnu.avr.deviceinfo
                0x00000000       0x40 C:/Program Files (x86)/Atmel/Studio/7.0/Packs/atmel/ATmega_DFP/1.2.209/gcc/dev/atmega328p/avr5/crtatmega328p.o

.note.gnu.build-id
 *(.note.gnu.build-id)

.debug
 *(.debug)

.line
 *(.line)

.debug_srcinfo
 *(.debug_srcinfo)

.debug_sfnames
 *(.debug_sfnames)

.debug_aranges  0x00000000      0x490
 *(.debug_aranges)
 .debug_aranges
                0x00000000       0x30 adc_driver.o
 .debug_aranges
                0x00000030       0x28 critical.o
 .debug_aranges
                0x00000058       0x30 fnqueue.o
 .debug_aranges
                0x00000088       0x38 keyboard.o
 .debug_aranges
                0x000000c0      0x108 LiquidCrystal.o
 .debug_aranges
                0x000001c8       0xb8 main.o
 .debug_aranges
                0x00000280       0x38 sensor_driver.o
 .debug_aranges
                0x000002b8       0x28 timer.o
 .debug_aranges
                0x000002e0       0x38 timers.o
 .debug_aranges
                0x00000318       0x80 twi.o
 .debug_aranges
                0x00000398       0xf8 Wire.o

.debug_pubnames
 *(.debug_pubnames)

.debug_info     0x00000000     0x8564
 *(.debug_info .gnu.linkonce.wi.*)
 .debug_info    0x00000000      0x5f4 C:/Program Files (x86)/Atmel/Studio/7.0/Packs/atmel/ATmega_DFP/1.2.209/gcc/dev/atmega328p/avr5/crtatmega328p.o
 .debug_info    0x000005f4      0x2dc adc_driver.o
 .debug_info    0x000008d0       0xd9 critical.o
 .debug_info    0x000009a9      0x1b8 fnqueue.o
 .debug_info    0x00000b61      0x36e keyboard.o
 .debug_info    0x00000ecf     0x1e89 LiquidCrystal.o
 .debug_info    0x00002d58     0x2283 main.o
 .debug_info    0x00004fdb      0x390 sensor_driver.o
 .debug_info    0x0000536b      0x226 timer.o
 .debug_info    0x00005591      0x30b timers.o
 .debug_info    0x0000589c      0x783 twi.o
 .debug_info    0x0000601f     0x2545 Wire.o

.debug_abbrev   0x00000000     0x1d21
 *(.debug_abbrev)
 .debug_abbrev  0x00000000      0x5a2 C:/Program Files (x86)/Atmel/Studio/7.0/Packs/atmel/ATmega_DFP/1.2.209/gcc/dev/atmega328p/avr5/crtatmega328p.o
 .debug_abbrev  0x000005a2      0x189 adc_driver.o
 .debug_abbrev  0x0000072b       0x6a critical.o
 .debug_abbrev  0x00000795       0xfb fnqueue.o
 .debug_abbrev  0x00000890      0x173 keyboard.o
 .debug_abbrev  0x00000a03      0x35e LiquidCrystal.o
 .debug_abbrev  0x00000d61      0x424 main.o
 .debug_abbrev  0x00001185      0x199 sensor_driver.o
 .debug_abbrev  0x0000131e      0x10f timer.o
 .debug_abbrev  0x0000142d      0x161 timers.o
 .debug_abbrev  0x0000158e      0x270 twi.o
 .debug_abbrev  0x000017fe      0x523 Wire.o

.debug_line     0x00000000     0x2ae9
 *(.debug_line .debug_line.* .debug_line_end)
 .debug_line    0x00000000      0x133 C:/Program Files (x86)/Atmel/Studio/7.0/Packs/atmel/ATmega_DFP/1.2.209/gcc/dev/atmega328p/avr5/crtatmega328p.o
 .debug_line    0x00000133      0x24a adc_driver.o
 .debug_line    0x0000037d      0x11d critical.o
 .debug_line    0x0000049a      0x152 fnqueue.o
 .debug_line    0x000005ec      0x22f keyboard.o
 .debug_line    0x0000081b      0x945 LiquidCrystal.o
 .debug_line    0x00001160      0x7a3 main.o
 .debug_line    0x00001903      0x205 sensor_driver.o
 .debug_line    0x00001b08      0x1cf timer.o
 .debug_line    0x00001cd7      0x23b timers.o
 .debug_line    0x00001f12      0x5f2 twi.o
 .debug_line    0x00002504      0x5e5 Wire.o

.debug_frame    0x00000000      0xc2c
 *(.debug_frame)
 .debug_frame   0x00000000       0xa0 adc_driver.o
 .debug_frame   0x000000a0       0x34 critical.o
 .debug_frame   0x000000d4       0x50 fnqueue.o
 .debug_frame   0x00000124       0x60 keyboard.o
 .debug_frame   0x00000184      0x358 LiquidCrystal.o
 .debug_frame   0x000004dc      0x24c main.o
 .debug_frame   0x00000728       0x54 sensor_driver.o
 .debug_frame   0x0000077c       0x88 timer.o
 .debug_frame   0x00000804       0x74 timers.o
 .debug_frame   0x00000878      0x134 twi.o
 .debug_frame   0x000009ac      0x280 Wire.o

.debug_str      0x00000000     0x2a56
 *(.debug_str)
 .debug_str     0x00000000      0x208 C:/Program Files (x86)/Atmel/Studio/7.0/Packs/atmel/ATmega_DFP/1.2.209/gcc/dev/atmega328p/avr5/crtatmega328p.o
 .debug_str     0x00000208      0x2ab adc_driver.o
                                0x303 (size before relaxing)
 .debug_str     0x000004b3       0x70 critical.o
                                0x214 (size before relaxing)
 .debug_str     0x00000523       0x93 fnqueue.o
                                0x2b1 (size before relaxing)
 .debug_str     0x000005b6      0x129 keyboard.o
                                0x3a2 (size before relaxing)
 .debug_str     0x000006df      0x6a2 LiquidCrystal.o
                                0x8d5 (size before relaxing)
 .debug_str     0x00000d81      0xfd0 main.o
                               0x139b (size before relaxing)
 .debug_str     0x00001d51      0x11a sensor_driver.o
                                0x3e6 (size before relaxing)
 .debug_str     0x00001e6b       0x54 timer.o
                                0x2d2 (size before relaxing)
 .debug_str     0x00001ebf       0x71 timers.o
                                0x34b (size before relaxing)
 .debug_str     0x00001f30      0x2cb twi.o
                                0x514 (size before relaxing)
 .debug_str     0x000021fb      0x85b Wire.o
                               0x178d (size before relaxing)

.debug_loc      0x00000000     0x3a42
 *(.debug_loc)
 .debug_loc     0x00000000      0x15e adc_driver.o
 .debug_loc     0x0000015e       0xc3 fnqueue.o
 .debug_loc     0x00000221      0x12d keyboard.o
 .debug_loc     0x0000034e     0x1d65 LiquidCrystal.o
 .debug_loc     0x000020b3      0x51b main.o
 .debug_loc     0x000025ce       0xac sensor_driver.o
 .debug_loc     0x0000267a      0x131 timer.o
 .debug_loc     0x000027ab      0x127 timers.o
 .debug_loc     0x000028d2      0x54a twi.o
 .debug_loc     0x00002e1c      0xc26 Wire.o

.debug_macinfo
 *(.debug_macinfo)

.debug_weaknames
 *(.debug_weaknames)

.debug_funcnames
 *(.debug_funcnames)

.debug_typenames
 *(.debug_typenames)

.debug_varnames
 *(.debug_varnames)

.debug_pubtypes
 *(.debug_pubtypes)

.debug_ranges   0x00000000      0x3e0
 *(.debug_ranges)
 .debug_ranges  0x00000000       0x20 adc_driver.o
 .debug_ranges  0x00000020       0x18 critical.o
 .debug_ranges  0x00000038       0x20 fnqueue.o
 .debug_ranges  0x00000058       0x28 keyboard.o
 .debug_ranges  0x00000080       0xf8 LiquidCrystal.o
 .debug_ranges  0x00000178       0xa8 main.o
 .debug_ranges  0x00000220       0x28 sensor_driver.o
 .debug_ranges  0x00000248       0x18 timer.o
 .debug_ranges  0x00000260       0x28 timers.o
 .debug_ranges  0x00000288       0x70 twi.o
 .debug_ranges  0x000002f8       0xe8 Wire.o

.debug_macro
 *(.debug_macro)
OUTPUT(Actividad 2.elf elf32-avr)
LOAD linker stubs
