Archive member included to satisfy reference by file (symbol)

C:\Users\brunn\Documents\UNS\SE\libcore\libcoreArduinoUno.a(HardwareSerial0.cpp.o)
                              keyboard.o (Serial)
C:\Users\brunn\Documents\UNS\SE\libcore\libcoreArduinoUno.a(Print.cpp.o)
                              LiquidCrystal.o (_ZN5Print5writeEPKhj)
C:\Users\brunn\Documents\UNS\SE\libcore\libcoreArduinoUno.a(abi.cpp.o)
                              HardwareSerial0.cpp.o (symbol from plugin) (__cxa_pure_virtual)
C:\Users\brunn\Documents\UNS\SE\libcore\libcoreArduinoUno.a(main.cpp.o)
                              C:/Program Files (x86)/Atmel/Studio/7.0/Packs/atmel/ATmega_DFP/1.2.209/gcc/dev/atmega328p/avr5/crtatmega328p.o (main)
C:\Users\brunn\Documents\UNS\SE\libcore\libcoreArduinoUno.a(wiring.c.o)
                              LiquidCrystal.o (delayMicroseconds)
C:\Users\brunn\Documents\UNS\SE\libcore\libcoreArduinoUno.a(wiring_digital.c.o)
                              LiquidCrystal.o (pinMode)
C:\Users\brunn\Documents\UNS\SE\libcore\libcoreArduinoUno.a(HardwareSerial.cpp.o)
                              HardwareSerial0.cpp.o (symbol from plugin) (_ZN14HardwareSerial9availableEv)
C:\Users\brunn\Documents\UNS\SE\libcore\libcoreArduinoUno.a(hooks.c.o)
                              wiring.c.o (symbol from plugin) (yield)
c:/program files (x86)/atmel/studio/7.0/toolchain/avr8/avr8-gnu-toolchain/bin/../lib/gcc/avr/5.4.0/avr5\libgcc.a(_divmodhi4.o)
                              adc_driver.o (__divmodhi4)
c:/program files (x86)/atmel/studio/7.0/toolchain/avr8/avr8-gnu-toolchain/bin/../lib/gcc/avr/5.4.0/avr5\libgcc.a(_exit.o)
                              C:/Program Files (x86)/Atmel/Studio/7.0/Packs/atmel/ATmega_DFP/1.2.209/gcc/dev/atmega328p/avr5/crtatmega328p.o (exit)
c:/program files (x86)/atmel/studio/7.0/toolchain/avr8/avr8-gnu-toolchain/bin/../lib/gcc/avr/5.4.0/avr5\libgcc.a(_copy_data.o)
                              adc_driver.o (__do_copy_data)
c:/program files (x86)/atmel/studio/7.0/toolchain/avr8/avr8-gnu-toolchain/bin/../lib/gcc/avr/5.4.0/avr5\libgcc.a(_clear_bss.o)
                              adc_driver.o (__do_clear_bss)
c:/program files (x86)/atmel/studio/7.0/toolchain/avr8/avr8-gnu-toolchain/bin/../lib/gcc/avr/5.4.0/avr5\libgcc.a(_ctors.o)
                              main.o (__do_global_ctors)
c:/program files (x86)/atmel/studio/7.0/toolchain/avr8/avr8-gnu-toolchain/bin/../lib/gcc/avr/5.4.0/avr5\libgcc.a(_udivmodhi4.o)
                              c:/program files (x86)/atmel/studio/7.0/toolchain/avr8/avr8-gnu-toolchain/bin/../lib/gcc/avr/5.4.0/avr5\libgcc.a(_divmodhi4.o) (__udivmodhi4)
c:/program files (x86)/atmel/studio/7.0/toolchain/avr8/avr8-gnu-toolchain/bin/../lib/gcc/avr/5.4.0/avr5\libgcc.a(_tablejump2.o)
                              c:/program files (x86)/atmel/studio/7.0/toolchain/avr8/avr8-gnu-toolchain/bin/../lib/gcc/avr/5.4.0/avr5\libgcc.a(_ctors.o) (__tablejump2__)
c:/program files (x86)/atmel/studio/7.0/toolchain/avr8/avr8-gnu-toolchain/bin/../lib/gcc/avr/5.4.0/avr5\libgcc.a(_udivmodsi4.o)
                              C:\Users\brunn\AppData\Local\Temp\ccAK8Khk.ltrans0.ltrans.o (__udivmodsi4)
c:/program files (x86)/atmel/studio/7.0/toolchain/avr8/avr8-gnu-toolchain/bin/../lib/gcc/avr/5.4.0/../../../../avr/lib/avr5\libc.a(abort.o)
                              C:\Users\brunn\AppData\Local\Temp\ccAK8Khk.ltrans0.ltrans.o (abort)

Discarded input sections

 .data          0x00000000        0x0 C:/Program Files (x86)/Atmel/Studio/7.0/Packs/atmel/ATmega_DFP/1.2.209/gcc/dev/atmega328p/avr5/crtatmega328p.o
 .bss           0x00000000        0x0 C:/Program Files (x86)/Atmel/Studio/7.0/Packs/atmel/ATmega_DFP/1.2.209/gcc/dev/atmega328p/avr5/crtatmega328p.o
 .text          0x00000000        0x0 adc_driver.o
 .data          0x00000000        0x0 adc_driver.o
 .bss           0x00000000        0x0 adc_driver.o
 .text._Z8adc_initP7adc_cfg
                0x00000000       0xc6 adc_driver.o
 .text._Z8adc_loopv
                0x00000000       0x68 adc_driver.o
 .data._ZL10converting
                0x00000000        0x2 adc_driver.o
 .text          0x00000000        0x0 critical.o
 .data          0x00000000        0x0 critical.o
 .bss           0x00000000        0x0 critical.o
 .text          0x00000000        0x0 fnqueue.o
 .data          0x00000000        0x0 fnqueue.o
 .bss           0x00000000        0x0 fnqueue.o
 .text._Z11fnqueue_addPFvvE
                0x00000000       0x54 fnqueue.o
 .text          0x00000000        0x0 keyboard.o
 .data          0x00000000        0x0 keyboard.o
 .bss           0x00000000        0x0 keyboard.o
 .text._Z15key_up_callbackPFvvEi
                0x00000000       0x1a keyboard.o
 .text._Z17key_down_callbackPFvvEi
                0x00000000       0x1a keyboard.o
 .text._Z11ProcesarAdcv
                0x00000000       0xe0 keyboard.o
 .bss.teclas_callback
                0x00000000       0x14 keyboard.o
 .data.adc_key_val
                0x00000000        0xa keyboard.o
 .bss._ZL9analogVal
                0x00000000        0x2 keyboard.o
 .data._ZL6oldkey
                0x00000000        0x2 keyboard.o
 .group         0x00000000        0x8 LiquidCrystal.o
 .group         0x00000000        0x8 LiquidCrystal.o
 .group         0x00000000        0x8 LiquidCrystal.o
 .group         0x00000000        0x8 LiquidCrystal.o
 .text          0x00000000        0x0 LiquidCrystal.o
 .data          0x00000000        0x0 LiquidCrystal.o
 .bss           0x00000000        0x0 LiquidCrystal.o
 .text._ZN13LiquidCrystal13setRowOffsetsEiiii
                0x00000000       0x10 LiquidCrystal.o
 .text._ZN13LiquidCrystal4homeEv
                0x00000000       0x12 LiquidCrystal.o
 .text._ZN13LiquidCrystal9setCursorEhh
                0x00000000       0x2a LiquidCrystal.o
 .text._ZN13LiquidCrystal9noDisplayEv
                0x00000000       0x12 LiquidCrystal.o
 .text._ZN13LiquidCrystal4initEhhhhhhhhhhhh
                0x00000000       0x5a LiquidCrystal.o
 .text._ZN13LiquidCrystalC2Ehhhhhhh
                0x00000000       0x44 LiquidCrystal.o
 .text._ZN13LiquidCrystalC2Ehhhhhhhhhh
                0x00000000       0x5c LiquidCrystal.o
 .text._ZN13LiquidCrystalC2Ehhhhhhhhhhh
                0x00000000       0x5c LiquidCrystal.o
 .text._ZN13LiquidCrystal8noCursorEv
                0x00000000       0x12 LiquidCrystal.o
 .text._ZN13LiquidCrystal6cursorEv
                0x00000000       0x14 LiquidCrystal.o
 .text._ZN13LiquidCrystal7noBlinkEv
                0x00000000       0x12 LiquidCrystal.o
 .text._ZN13LiquidCrystal5blinkEv
                0x00000000       0x14 LiquidCrystal.o
 .text._ZN13LiquidCrystal17scrollDisplayLeftEv
                0x00000000        0xa LiquidCrystal.o
 .text._ZN13LiquidCrystal18scrollDisplayRightEv
                0x00000000        0xa LiquidCrystal.o
 .text._ZN13LiquidCrystal11leftToRightEv
                0x00000000       0x14 LiquidCrystal.o
 .text._ZN13LiquidCrystal11rightToLeftEv
                0x00000000       0x12 LiquidCrystal.o
 .text._ZN13LiquidCrystal10autoscrollEv
                0x00000000       0x14 LiquidCrystal.o
 .text._ZN13LiquidCrystal12noAutoscrollEv
                0x00000000       0x12 LiquidCrystal.o
 .text._ZN13LiquidCrystal10createCharEhPh
                0x00000000       0x4e LiquidCrystal.o
 .text          0x00000000        0x0 main.o
 .data          0x00000000        0x0 main.o
 .bss           0x00000000        0x0 main.o
 .data          0x00000000        0x0 C:\Users\brunn\AppData\Local\Temp\ccAK8Khk.ltrans0.ltrans.o
 .text          0x00000000        0x0 HardwareSerial0.cpp.o (symbol from plugin)
 .gnu.linkonce.t._ZN5Print17availableForWriteEv
                0x00000000        0x0 HardwareSerial0.cpp.o (symbol from plugin)
 .gnu.linkonce.t._ZN5Print5flushEv
                0x00000000        0x0 HardwareSerial0.cpp.o (symbol from plugin)
 .gnu.linkonce.t._ZN6StreamC5Ev
                0x00000000        0x0 HardwareSerial0.cpp.o (symbol from plugin)
 .gnu.linkonce.t._ZTV6Stream
                0x00000000        0x0 HardwareSerial0.cpp.o (symbol from plugin)
 .gnu.linkonce.t._ZN14HardwareSerial16_rx_complete_irqEv
                0x00000000        0x0 HardwareSerial0.cpp.o (symbol from plugin)
 .text          0x00000000        0x0 Print.cpp.o (symbol from plugin)
 .gnu.linkonce.t._ZN5Print17availableForWriteEv
                0x00000000        0x0 Print.cpp.o (symbol from plugin)
 .gnu.linkonce.t._ZN5Print5flushEv
                0x00000000        0x0 Print.cpp.o (symbol from plugin)
 .gnu.linkonce.t._ZN5Print5writeEPKc
                0x00000000        0x0 Print.cpp.o (symbol from plugin)
 .gnu.linkonce.t._ZN5Print5writeEPKcj
                0x00000000        0x0 Print.cpp.o (symbol from plugin)
 .gnu.linkonce.t._ZTV5Print
                0x00000000        0x0 Print.cpp.o (symbol from plugin)
 .text          0x00000000        0x0 abi.cpp.o (symbol from plugin)
 .text          0x00000000        0x0 main.cpp.o (symbol from plugin)
 .text          0x00000000        0x0 wiring.c.o (symbol from plugin)
 .text          0x00000000        0x0 wiring_digital.c.o (symbol from plugin)
 .text          0x00000000        0x0 HardwareSerial.cpp.o (symbol from plugin)
 .gnu.linkonce.t._ZTV14HardwareSerial
                0x00000000        0x0 HardwareSerial.cpp.o (symbol from plugin)
 .text          0x00000000        0x0 hooks.c.o (symbol from plugin)
 .text          0x00000000        0x0 c:/program files (x86)/atmel/studio/7.0/toolchain/avr8/avr8-gnu-toolchain/bin/../lib/gcc/avr/5.4.0/avr5\libgcc.a(_divmodhi4.o)
 .data          0x00000000        0x0 c:/program files (x86)/atmel/studio/7.0/toolchain/avr8/avr8-gnu-toolchain/bin/../lib/gcc/avr/5.4.0/avr5\libgcc.a(_divmodhi4.o)
 .bss           0x00000000        0x0 c:/program files (x86)/atmel/studio/7.0/toolchain/avr8/avr8-gnu-toolchain/bin/../lib/gcc/avr/5.4.0/avr5\libgcc.a(_divmodhi4.o)
 .text.libgcc.mul
                0x00000000        0x0 c:/program files (x86)/atmel/studio/7.0/toolchain/avr8/avr8-gnu-toolchain/bin/../lib/gcc/avr/5.4.0/avr5\libgcc.a(_divmodhi4.o)
 .text.libgcc.div
                0x00000000       0x28 c:/program files (x86)/atmel/studio/7.0/toolchain/avr8/avr8-gnu-toolchain/bin/../lib/gcc/avr/5.4.0/avr5\libgcc.a(_divmodhi4.o)
 .text.libgcc   0x00000000        0x0 c:/program files (x86)/atmel/studio/7.0/toolchain/avr8/avr8-gnu-toolchain/bin/../lib/gcc/avr/5.4.0/avr5\libgcc.a(_divmodhi4.o)
 .text.libgcc.prologue
                0x00000000        0x0 c:/program files (x86)/atmel/studio/7.0/toolchain/avr8/avr8-gnu-toolchain/bin/../lib/gcc/avr/5.4.0/avr5\libgcc.a(_divmodhi4.o)
 .text.libgcc.builtins
                0x00000000        0x0 c:/program files (x86)/atmel/studio/7.0/toolchain/avr8/avr8-gnu-toolchain/bin/../lib/gcc/avr/5.4.0/avr5\libgcc.a(_divmodhi4.o)
 .text.libgcc.fmul
                0x00000000        0x0 c:/program files (x86)/atmel/studio/7.0/toolchain/avr8/avr8-gnu-toolchain/bin/../lib/gcc/avr/5.4.0/avr5\libgcc.a(_divmodhi4.o)
 .text.libgcc.fixed
                0x00000000        0x0 c:/program files (x86)/atmel/studio/7.0/toolchain/avr8/avr8-gnu-toolchain/bin/../lib/gcc/avr/5.4.0/avr5\libgcc.a(_divmodhi4.o)
 .text          0x00000000        0x0 c:/program files (x86)/atmel/studio/7.0/toolchain/avr8/avr8-gnu-toolchain/bin/../lib/gcc/avr/5.4.0/avr5\libgcc.a(_exit.o)
 .data          0x00000000        0x0 c:/program files (x86)/atmel/studio/7.0/toolchain/avr8/avr8-gnu-toolchain/bin/../lib/gcc/avr/5.4.0/avr5\libgcc.a(_exit.o)
 .bss           0x00000000        0x0 c:/program files (x86)/atmel/studio/7.0/toolchain/avr8/avr8-gnu-toolchain/bin/../lib/gcc/avr/5.4.0/avr5\libgcc.a(_exit.o)
 .text.libgcc.mul
                0x00000000        0x0 c:/program files (x86)/atmel/studio/7.0/toolchain/avr8/avr8-gnu-toolchain/bin/../lib/gcc/avr/5.4.0/avr5\libgcc.a(_exit.o)
 .text.libgcc.div
                0x00000000        0x0 c:/program files (x86)/atmel/studio/7.0/toolchain/avr8/avr8-gnu-toolchain/bin/../lib/gcc/avr/5.4.0/avr5\libgcc.a(_exit.o)
 .text.libgcc   0x00000000        0x0 c:/program files (x86)/atmel/studio/7.0/toolchain/avr8/avr8-gnu-toolchain/bin/../lib/gcc/avr/5.4.0/avr5\libgcc.a(_exit.o)
 .text.libgcc.prologue
                0x00000000        0x0 c:/program files (x86)/atmel/studio/7.0/toolchain/avr8/avr8-gnu-toolchain/bin/../lib/gcc/avr/5.4.0/avr5\libgcc.a(_exit.o)
 .text.libgcc.builtins
                0x00000000        0x0 c:/program files (x86)/atmel/studio/7.0/toolchain/avr8/avr8-gnu-toolchain/bin/../lib/gcc/avr/5.4.0/avr5\libgcc.a(_exit.o)
 .text.libgcc.fmul
                0x00000000        0x0 c:/program files (x86)/atmel/studio/7.0/toolchain/avr8/avr8-gnu-toolchain/bin/../lib/gcc/avr/5.4.0/avr5\libgcc.a(_exit.o)
 .text.libgcc.fixed
                0x00000000        0x0 c:/program files (x86)/atmel/studio/7.0/toolchain/avr8/avr8-gnu-toolchain/bin/../lib/gcc/avr/5.4.0/avr5\libgcc.a(_exit.o)
 .text          0x00000000        0x0 c:/program files (x86)/atmel/studio/7.0/toolchain/avr8/avr8-gnu-toolchain/bin/../lib/gcc/avr/5.4.0/avr5\libgcc.a(_copy_data.o)
 .data          0x00000000        0x0 c:/program files (x86)/atmel/studio/7.0/toolchain/avr8/avr8-gnu-toolchain/bin/../lib/gcc/avr/5.4.0/avr5\libgcc.a(_copy_data.o)
 .bss           0x00000000        0x0 c:/program files (x86)/atmel/studio/7.0/toolchain/avr8/avr8-gnu-toolchain/bin/../lib/gcc/avr/5.4.0/avr5\libgcc.a(_copy_data.o)
 .text.libgcc.mul
                0x00000000        0x0 c:/program files (x86)/atmel/studio/7.0/toolchain/avr8/avr8-gnu-toolchain/bin/../lib/gcc/avr/5.4.0/avr5\libgcc.a(_copy_data.o)
 .text.libgcc.div
                0x00000000        0x0 c:/program files (x86)/atmel/studio/7.0/toolchain/avr8/avr8-gnu-toolchain/bin/../lib/gcc/avr/5.4.0/avr5\libgcc.a(_copy_data.o)
 .text.libgcc   0x00000000        0x0 c:/program files (x86)/atmel/studio/7.0/toolchain/avr8/avr8-gnu-toolchain/bin/../lib/gcc/avr/5.4.0/avr5\libgcc.a(_copy_data.o)
 .text.libgcc.prologue
                0x00000000        0x0 c:/program files (x86)/atmel/studio/7.0/toolchain/avr8/avr8-gnu-toolchain/bin/../lib/gcc/avr/5.4.0/avr5\libgcc.a(_copy_data.o)
 .text.libgcc.builtins
                0x00000000        0x0 c:/program files (x86)/atmel/studio/7.0/toolchain/avr8/avr8-gnu-toolchain/bin/../lib/gcc/avr/5.4.0/avr5\libgcc.a(_copy_data.o)
 .text.libgcc.fmul
                0x00000000        0x0 c:/program files (x86)/atmel/studio/7.0/toolchain/avr8/avr8-gnu-toolchain/bin/../lib/gcc/avr/5.4.0/avr5\libgcc.a(_copy_data.o)
 .text.libgcc.fixed
                0x00000000        0x0 c:/program files (x86)/atmel/studio/7.0/toolchain/avr8/avr8-gnu-toolchain/bin/../lib/gcc/avr/5.4.0/avr5\libgcc.a(_copy_data.o)
 .text          0x00000000        0x0 c:/program files (x86)/atmel/studio/7.0/toolchain/avr8/avr8-gnu-toolchain/bin/../lib/gcc/avr/5.4.0/avr5\libgcc.a(_clear_bss.o)
 .data          0x00000000        0x0 c:/program files (x86)/atmel/studio/7.0/toolchain/avr8/avr8-gnu-toolchain/bin/../lib/gcc/avr/5.4.0/avr5\libgcc.a(_clear_bss.o)
 .bss           0x00000000        0x0 c:/program files (x86)/atmel/studio/7.0/toolchain/avr8/avr8-gnu-toolchain/bin/../lib/gcc/avr/5.4.0/avr5\libgcc.a(_clear_bss.o)
 .text.libgcc.mul
                0x00000000        0x0 c:/program files (x86)/atmel/studio/7.0/toolchain/avr8/avr8-gnu-toolchain/bin/../lib/gcc/avr/5.4.0/avr5\libgcc.a(_clear_bss.o)
 .text.libgcc.div
                0x00000000        0x0 c:/program files (x86)/atmel/studio/7.0/toolchain/avr8/avr8-gnu-toolchain/bin/../lib/gcc/avr/5.4.0/avr5\libgcc.a(_clear_bss.o)
 .text.libgcc   0x00000000        0x0 c:/program files (x86)/atmel/studio/7.0/toolchain/avr8/avr8-gnu-toolchain/bin/../lib/gcc/avr/5.4.0/avr5\libgcc.a(_clear_bss.o)
 .text.libgcc.prologue
                0x00000000        0x0 c:/program files (x86)/atmel/studio/7.0/toolchain/avr8/avr8-gnu-toolchain/bin/../lib/gcc/avr/5.4.0/avr5\libgcc.a(_clear_bss.o)
 .text.libgcc.builtins
                0x00000000        0x0 c:/program files (x86)/atmel/studio/7.0/toolchain/avr8/avr8-gnu-toolchain/bin/../lib/gcc/avr/5.4.0/avr5\libgcc.a(_clear_bss.o)
 .text.libgcc.fmul
                0x00000000        0x0 c:/program files (x86)/atmel/studio/7.0/toolchain/avr8/avr8-gnu-toolchain/bin/../lib/gcc/avr/5.4.0/avr5\libgcc.a(_clear_bss.o)
 .text.libgcc.fixed
                0x00000000        0x0 c:/program files (x86)/atmel/studio/7.0/toolchain/avr8/avr8-gnu-toolchain/bin/../lib/gcc/avr/5.4.0/avr5\libgcc.a(_clear_bss.o)
 .text          0x00000000        0x0 c:/program files (x86)/atmel/studio/7.0/toolchain/avr8/avr8-gnu-toolchain/bin/../lib/gcc/avr/5.4.0/avr5\libgcc.a(_ctors.o)
 .data          0x00000000        0x0 c:/program files (x86)/atmel/studio/7.0/toolchain/avr8/avr8-gnu-toolchain/bin/../lib/gcc/avr/5.4.0/avr5\libgcc.a(_ctors.o)
 .bss           0x00000000        0x0 c:/program files (x86)/atmel/studio/7.0/toolchain/avr8/avr8-gnu-toolchain/bin/../lib/gcc/avr/5.4.0/avr5\libgcc.a(_ctors.o)
 .text.libgcc.mul
                0x00000000        0x0 c:/program files (x86)/atmel/studio/7.0/toolchain/avr8/avr8-gnu-toolchain/bin/../lib/gcc/avr/5.4.0/avr5\libgcc.a(_ctors.o)
 .text.libgcc.div
                0x00000000        0x0 c:/program files (x86)/atmel/studio/7.0/toolchain/avr8/avr8-gnu-toolchain/bin/../lib/gcc/avr/5.4.0/avr5\libgcc.a(_ctors.o)
 .text.libgcc   0x00000000        0x0 c:/program files (x86)/atmel/studio/7.0/toolchain/avr8/avr8-gnu-toolchain/bin/../lib/gcc/avr/5.4.0/avr5\libgcc.a(_ctors.o)
 .text.libgcc.prologue
                0x00000000        0x0 c:/program files (x86)/atmel/studio/7.0/toolchain/avr8/avr8-gnu-toolchain/bin/../lib/gcc/avr/5.4.0/avr5\libgcc.a(_ctors.o)
 .text.libgcc.builtins
                0x00000000        0x0 c:/program files (x86)/atmel/studio/7.0/toolchain/avr8/avr8-gnu-toolchain/bin/../lib/gcc/avr/5.4.0/avr5\libgcc.a(_ctors.o)
 .text.libgcc.fmul
                0x00000000        0x0 c:/program files (x86)/atmel/studio/7.0/toolchain/avr8/avr8-gnu-toolchain/bin/../lib/gcc/avr/5.4.0/avr5\libgcc.a(_ctors.o)
 .text.libgcc.fixed
                0x00000000        0x0 c:/program files (x86)/atmel/studio/7.0/toolchain/avr8/avr8-gnu-toolchain/bin/../lib/gcc/avr/5.4.0/avr5\libgcc.a(_ctors.o)
 .text          0x00000000        0x0 c:/program files (x86)/atmel/studio/7.0/toolchain/avr8/avr8-gnu-toolchain/bin/../lib/gcc/avr/5.4.0/avr5\libgcc.a(_udivmodhi4.o)
 .data          0x00000000        0x0 c:/program files (x86)/atmel/studio/7.0/toolchain/avr8/avr8-gnu-toolchain/bin/../lib/gcc/avr/5.4.0/avr5\libgcc.a(_udivmodhi4.o)
 .bss           0x00000000        0x0 c:/program files (x86)/atmel/studio/7.0/toolchain/avr8/avr8-gnu-toolchain/bin/../lib/gcc/avr/5.4.0/avr5\libgcc.a(_udivmodhi4.o)
 .text.libgcc.mul
                0x00000000        0x0 c:/program files (x86)/atmel/studio/7.0/toolchain/avr8/avr8-gnu-toolchain/bin/../lib/gcc/avr/5.4.0/avr5\libgcc.a(_udivmodhi4.o)
 .text.libgcc.div
                0x00000000       0x28 c:/program files (x86)/atmel/studio/7.0/toolchain/avr8/avr8-gnu-toolchain/bin/../lib/gcc/avr/5.4.0/avr5\libgcc.a(_udivmodhi4.o)
 .text.libgcc   0x00000000        0x0 c:/program files (x86)/atmel/studio/7.0/toolchain/avr8/avr8-gnu-toolchain/bin/../lib/gcc/avr/5.4.0/avr5\libgcc.a(_udivmodhi4.o)
 .text.libgcc.prologue
                0x00000000        0x0 c:/program files (x86)/atmel/studio/7.0/toolchain/avr8/avr8-gnu-toolchain/bin/../lib/gcc/avr/5.4.0/avr5\libgcc.a(_udivmodhi4.o)
 .text.libgcc.builtins
                0x00000000        0x0 c:/program files (x86)/atmel/studio/7.0/toolchain/avr8/avr8-gnu-toolchain/bin/../lib/gcc/avr/5.4.0/avr5\libgcc.a(_udivmodhi4.o)
 .text.libgcc.fmul
                0x00000000        0x0 c:/program files (x86)/atmel/studio/7.0/toolchain/avr8/avr8-gnu-toolchain/bin/../lib/gcc/avr/5.4.0/avr5\libgcc.a(_udivmodhi4.o)
 .text.libgcc.fixed
                0x00000000        0x0 c:/program files (x86)/atmel/studio/7.0/toolchain/avr8/avr8-gnu-toolchain/bin/../lib/gcc/avr/5.4.0/avr5\libgcc.a(_udivmodhi4.o)
 .text          0x00000000        0x0 c:/program files (x86)/atmel/studio/7.0/toolchain/avr8/avr8-gnu-toolchain/bin/../lib/gcc/avr/5.4.0/avr5\libgcc.a(_tablejump2.o)
 .data          0x00000000        0x0 c:/program files (x86)/atmel/studio/7.0/toolchain/avr8/avr8-gnu-toolchain/bin/../lib/gcc/avr/5.4.0/avr5\libgcc.a(_tablejump2.o)
 .bss           0x00000000        0x0 c:/program files (x86)/atmel/studio/7.0/toolchain/avr8/avr8-gnu-toolchain/bin/../lib/gcc/avr/5.4.0/avr5\libgcc.a(_tablejump2.o)
 .text.libgcc.mul
                0x00000000        0x0 c:/program files (x86)/atmel/studio/7.0/toolchain/avr8/avr8-gnu-toolchain/bin/../lib/gcc/avr/5.4.0/avr5\libgcc.a(_tablejump2.o)
 .text.libgcc.div
                0x00000000        0x0 c:/program files (x86)/atmel/studio/7.0/toolchain/avr8/avr8-gnu-toolchain/bin/../lib/gcc/avr/5.4.0/avr5\libgcc.a(_tablejump2.o)
 .text.libgcc.prologue
                0x00000000        0x0 c:/program files (x86)/atmel/studio/7.0/toolchain/avr8/avr8-gnu-toolchain/bin/../lib/gcc/avr/5.4.0/avr5\libgcc.a(_tablejump2.o)
 .text.libgcc.builtins
                0x00000000        0x0 c:/program files (x86)/atmel/studio/7.0/toolchain/avr8/avr8-gnu-toolchain/bin/../lib/gcc/avr/5.4.0/avr5\libgcc.a(_tablejump2.o)
 .text.libgcc.fmul
                0x00000000        0x0 c:/program files (x86)/atmel/studio/7.0/toolchain/avr8/avr8-gnu-toolchain/bin/../lib/gcc/avr/5.4.0/avr5\libgcc.a(_tablejump2.o)
 .text.libgcc.fixed
                0x00000000        0x0 c:/program files (x86)/atmel/studio/7.0/toolchain/avr8/avr8-gnu-toolchain/bin/../lib/gcc/avr/5.4.0/avr5\libgcc.a(_tablejump2.o)
 .text          0x00000000        0x0 c:/program files (x86)/atmel/studio/7.0/toolchain/avr8/avr8-gnu-toolchain/bin/../lib/gcc/avr/5.4.0/avr5\libgcc.a(_udivmodsi4.o)
 .data          0x00000000        0x0 c:/program files (x86)/atmel/studio/7.0/toolchain/avr8/avr8-gnu-toolchain/bin/../lib/gcc/avr/5.4.0/avr5\libgcc.a(_udivmodsi4.o)
 .bss           0x00000000        0x0 c:/program files (x86)/atmel/studio/7.0/toolchain/avr8/avr8-gnu-toolchain/bin/../lib/gcc/avr/5.4.0/avr5\libgcc.a(_udivmodsi4.o)
 .text.libgcc.mul
                0x00000000        0x0 c:/program files (x86)/atmel/studio/7.0/toolchain/avr8/avr8-gnu-toolchain/bin/../lib/gcc/avr/5.4.0/avr5\libgcc.a(_udivmodsi4.o)
 .text.libgcc   0x00000000        0x0 c:/program files (x86)/atmel/studio/7.0/toolchain/avr8/avr8-gnu-toolchain/bin/../lib/gcc/avr/5.4.0/avr5\libgcc.a(_udivmodsi4.o)
 .text.libgcc.prologue
                0x00000000        0x0 c:/program files (x86)/atmel/studio/7.0/toolchain/avr8/avr8-gnu-toolchain/bin/../lib/gcc/avr/5.4.0/avr5\libgcc.a(_udivmodsi4.o)
 .text.libgcc.builtins
                0x00000000        0x0 c:/program files (x86)/atmel/studio/7.0/toolchain/avr8/avr8-gnu-toolchain/bin/../lib/gcc/avr/5.4.0/avr5\libgcc.a(_udivmodsi4.o)
 .text.libgcc.fmul
                0x00000000        0x0 c:/program files (x86)/atmel/studio/7.0/toolchain/avr8/avr8-gnu-toolchain/bin/../lib/gcc/avr/5.4.0/avr5\libgcc.a(_udivmodsi4.o)
 .text.libgcc.fixed
                0x00000000        0x0 c:/program files (x86)/atmel/studio/7.0/toolchain/avr8/avr8-gnu-toolchain/bin/../lib/gcc/avr/5.4.0/avr5\libgcc.a(_udivmodsi4.o)
 .text          0x00000000        0x0 c:/program files (x86)/atmel/studio/7.0/toolchain/avr8/avr8-gnu-toolchain/bin/../lib/gcc/avr/5.4.0/../../../../avr/lib/avr5\libc.a(abort.o)
 .data          0x00000000        0x0 c:/program files (x86)/atmel/studio/7.0/toolchain/avr8/avr8-gnu-toolchain/bin/../lib/gcc/avr/5.4.0/../../../../avr/lib/avr5\libc.a(abort.o)
 .bss           0x00000000        0x0 c:/program files (x86)/atmel/studio/7.0/toolchain/avr8/avr8-gnu-toolchain/bin/../lib/gcc/avr/5.4.0/../../../../avr/lib/avr5\libc.a(abort.o)

Memory Configuration

Name             Origin             Length             Attributes
text             0x00000000         0x00020000         xr
data             0x00800060         0x0000ffa0         rw !x
eeprom           0x00810000         0x00010000         rw !x
fuse             0x00820000         0x00000003         rw !x
lock             0x00830000         0x00000400         rw !x
signature        0x00840000         0x00000400         rw !x
user_signatures  0x00850000         0x00000400         rw !x
*default*        0x00000000         0xffffffff

Linker script and memory map

Address of section .data set to 0x800100
LOAD C:/Program Files (x86)/Atmel/Studio/7.0/Packs/atmel/ATmega_DFP/1.2.209/gcc/dev/atmega328p/avr5/crtatmega328p.o
LOAD adc_driver.o
LOAD critical.o
LOAD fnqueue.o
LOAD keyboard.o
LOAD LiquidCrystal.o
LOAD main.o
LOAD C:\Users\brunn\AppData\Local\Temp\ccAK8Khk.ltrans0.ltrans.o
START GROUP
LOAD c:/program files (x86)/atmel/studio/7.0/toolchain/avr8/avr8-gnu-toolchain/bin/../lib/gcc/avr/5.4.0/../../../../avr/lib/avr5\libm.a
LOAD C:\Users\brunn\Documents\UNS\SE\libcore\libcoreArduinoUno.a
END GROUP
LOAD c:/program files (x86)/atmel/studio/7.0/toolchain/avr8/avr8-gnu-toolchain/bin/../lib/gcc/avr/5.4.0/avr5\libgcc.a
LOAD c:/program files (x86)/atmel/studio/7.0/toolchain/avr8/avr8-gnu-toolchain/bin/../lib/gcc/avr/5.4.0/../../../../avr/lib/avr5\libm.a
START GROUP
LOAD c:/program files (x86)/atmel/studio/7.0/toolchain/avr8/avr8-gnu-toolchain/bin/../lib/gcc/avr/5.4.0/avr5\libgcc.a
LOAD c:/program files (x86)/atmel/studio/7.0/toolchain/avr8/avr8-gnu-toolchain/bin/../lib/gcc/avr/5.4.0/../../../../avr/lib/avr5\libm.a
LOAD c:/program files (x86)/atmel/studio/7.0/toolchain/avr8/avr8-gnu-toolchain/bin/../lib/gcc/avr/5.4.0/../../../../avr/lib/avr5\libc.a
LOAD C:/Program Files (x86)/Atmel/Studio/7.0/Packs/atmel/ATmega_DFP/1.2.209/gcc/dev/atmega328p/avr5\libatmega328p.a
END GROUP
                0x00020000                __TEXT_REGION_LENGTH__ = DEFINED (__TEXT_REGION_LENGTH__)?__TEXT_REGION_LENGTH__:0x20000
                0x0000ffa0                __DATA_REGION_LENGTH__ = DEFINED (__DATA_REGION_LENGTH__)?__DATA_REGION_LENGTH__:0xffa0
                0x00010000                __EEPROM_REGION_LENGTH__ = DEFINED (__EEPROM_REGION_LENGTH__)?__EEPROM_REGION_LENGTH__:0x10000
                [0x00000003]                __FUSE_REGION_LENGTH__ = DEFINED (__FUSE_REGION_LENGTH__)?__FUSE_REGION_LENGTH__:0x400
                0x00000400                __LOCK_REGION_LENGTH__ = DEFINED (__LOCK_REGION_LENGTH__)?__LOCK_REGION_LENGTH__:0x400
                0x00000400                __SIGNATURE_REGION_LENGTH__ = DEFINED (__SIGNATURE_REGION_LENGTH__)?__SIGNATURE_REGION_LENGTH__:0x400
                0x00000400                __USER_SIGNATURE_REGION_LENGTH__ = DEFINED (__USER_SIGNATURE_REGION_LENGTH__)?__USER_SIGNATURE_REGION_LENGTH__:0x400

.hash
 *(.hash)

.dynsym
 *(.dynsym)

.dynstr
 *(.dynstr)

.gnu.version
 *(.gnu.version)

.gnu.version_d
 *(.gnu.version_d)

.gnu.version_r
 *(.gnu.version_r)

.rel.init
 *(.rel.init)

.rela.init
 *(.rela.init)

.rel.text
 *(.rel.text)
 *(.rel.text.*)
 *(.rel.gnu.linkonce.t*)

.rela.text
 *(.rela.text)
 *(.rela.text.*)
 *(.rela.gnu.linkonce.t*)

.rel.fini
 *(.rel.fini)

.rela.fini
 *(.rela.fini)

.rel.rodata
 *(.rel.rodata)
 *(.rel.rodata.*)
 *(.rel.gnu.linkonce.r*)

.rela.rodata
 *(.rela.rodata)
 *(.rela.rodata.*)
 *(.rela.gnu.linkonce.r*)

.rel.data
 *(.rel.data)
 *(.rel.data.*)
 *(.rel.gnu.linkonce.d*)

.rela.data
 *(.rela.data)
 *(.rela.data.*)
 *(.rela.gnu.linkonce.d*)

.rel.ctors
 *(.rel.ctors)

.rela.ctors
 *(.rela.ctors)

.rel.dtors
 *(.rel.dtors)

.rela.dtors
 *(.rela.dtors)

.rel.got
 *(.rel.got)

.rela.got
 *(.rela.got)

.rel.bss
 *(.rel.bss)

.rela.bss
 *(.rela.bss)

.rel.plt
 *(.rel.plt)

.rela.plt
 *(.rela.plt)

.text           0x00000000      0xd50
 *(.vectors)
 .vectors       0x00000000       0x68 C:/Program Files (x86)/Atmel/Studio/7.0/Packs/atmel/ATmega_DFP/1.2.209/gcc/dev/atmega328p/avr5/crtatmega328p.o
                0x00000000                __vector_default
                0x00000000                __vectors
 *(.vectors)
 *(.progmem.gcc*)
                0x00000068                . = ALIGN (0x2)
                0x00000068                __trampolines_start = .
 *(.trampolines)
 .trampolines   0x00000068        0x0 linker stubs
 *(.trampolines*)
                0x00000068                __trampolines_end = .
 *libprintf_flt.a:*(.progmem.data)
 *libc.a:*(.progmem.data)
 *(.progmem*)
 .progmem.data  0x00000068       0x50 C:\Users\brunn\AppData\Local\Temp\ccAK8Khk.ltrans0.ltrans.o
                0x000000b8                . = ALIGN (0x2)
 *(.jumptables)
 *(.jumptables*)
 *(.lowtext)
 *(.lowtext*)
                0x000000b8                __ctors_start = .
 *(.ctors)
 .ctors         0x000000b8        0x2 main.o
 .ctors         0x000000ba        0x2 C:\Users\brunn\AppData\Local\Temp\ccAK8Khk.ltrans0.ltrans.o
                0x000000bc                __ctors_end = .
                0x000000bc                __dtors_start = .
 *(.dtors)
                0x000000bc                __dtors_end = .
 SORT(*)(.ctors)
 SORT(*)(.dtors)
 *(.init0)
 .init0         0x000000bc        0x0 C:/Program Files (x86)/Atmel/Studio/7.0/Packs/atmel/ATmega_DFP/1.2.209/gcc/dev/atmega328p/avr5/crtatmega328p.o
                0x000000bc                __init
 *(.init0)
 *(.init1)
 *(.init1)
 *(.init2)
 .init2         0x000000bc        0xc C:/Program Files (x86)/Atmel/Studio/7.0/Packs/atmel/ATmega_DFP/1.2.209/gcc/dev/atmega328p/avr5/crtatmega328p.o
 *(.init2)
 *(.init3)
 *(.init3)
 *(.init4)
 .init4         0x000000c8       0x16 c:/program files (x86)/atmel/studio/7.0/toolchain/avr8/avr8-gnu-toolchain/bin/../lib/gcc/avr/5.4.0/avr5\libgcc.a(_copy_data.o)
                0x000000c8                __do_copy_data
 .init4         0x000000de       0x10 c:/program files (x86)/atmel/studio/7.0/toolchain/avr8/avr8-gnu-toolchain/bin/../lib/gcc/avr/5.4.0/avr5\libgcc.a(_clear_bss.o)
                0x000000de                __do_clear_bss
 *(.init4)
 *(.init5)
 *(.init5)
 *(.init6)
 .init6         0x000000ee       0x16 c:/program files (x86)/atmel/studio/7.0/toolchain/avr8/avr8-gnu-toolchain/bin/../lib/gcc/avr/5.4.0/avr5\libgcc.a(_ctors.o)
                0x000000ee                __do_global_ctors
 *(.init6)
 *(.init7)
 *(.init7)
 *(.init8)
 *(.init8)
 *(.init9)
 .init9         0x00000104        0x8 C:/Program Files (x86)/Atmel/Studio/7.0/Packs/atmel/ATmega_DFP/1.2.209/gcc/dev/atmega328p/avr5/crtatmega328p.o
 *(.init9)
 *(.text)
 .text          0x0000010c        0x4 C:/Program Files (x86)/Atmel/Studio/7.0/Packs/atmel/ATmega_DFP/1.2.209/gcc/dev/atmega328p/avr5/crtatmega328p.o
                0x0000010c                __vector_22
                0x0000010c                __vector_1
                0x0000010c                __vector_24
                0x0000010c                __vector_12
                0x0000010c                __bad_interrupt
                0x0000010c                __vector_6
                0x0000010c                __vector_3
                0x0000010c                __vector_23
                0x0000010c                __vector_25
                0x0000010c                __vector_11
                0x0000010c                __vector_13
                0x0000010c                __vector_17
                0x0000010c                __vector_7
                0x0000010c                __vector_5
                0x0000010c                __vector_4
                0x0000010c                __vector_9
                0x0000010c                __vector_2
                0x0000010c                __vector_15
                0x0000010c                __vector_8
                0x0000010c                __vector_14
                0x0000010c                __vector_10
                0x0000010c                __vector_20
 .text          0x00000110      0x5da C:\Users\brunn\AppData\Local\Temp\ccAK8Khk.ltrans0.ltrans.o
                0x000002d4                _ZN5Print5writeEPKhj
                0x000003e8                digitalWrite
                0x00000482                pinMode
                0x000004fa                delayMicroseconds
                0x00000510                __vector_16
                0x000005a4                _ZN5Print7printlnEii
                0x0000063a                __vector_19
                0x00000686                __vector_18
                0x000006ea                . = ALIGN (0x2)
 *(.text.*)
 .text.__vector_21
                0x000006ea       0x62 adc_driver.o
                0x000006ea                __vector_21
 .text._Z14critical_beginv
                0x0000074c       0x48 critical.o
                0x0000074c                _Z14critical_beginv
 .text._Z12critical_endv
                0x00000794       0x3c critical.o
                0x00000794                _Z12critical_endv
 .text._Z12fnqueue_initv
                0x000007d0       0x10 fnqueue.o
                0x000007d0                _Z12fnqueue_initv
 .text._Z11fnqueue_runv
                0x000007e0       0x58 fnqueue.o
                0x000007e0                _Z11fnqueue_runv
 .text._Z13teclado_setupv
                0x00000838       0x46 keyboard.o
                0x00000838                _Z13teclado_setupv
 .text._ZN5Print17availableForWriteEv
                0x0000087e        0x6 LiquidCrystal.o
                0x0000087e                _ZN5Print17availableForWriteEv
 .text._ZN5Print5flushEv
                0x00000884        0x2 LiquidCrystal.o
                0x00000884                _ZN5Print5flushEv
 .text._ZN13LiquidCrystal11pulseEnableEv
                0x00000886       0x3c LiquidCrystal.o
                0x00000886                _ZN13LiquidCrystal11pulseEnableEv
 .text._ZN13LiquidCrystal10write4bitsEh
                0x000008c2       0x5a LiquidCrystal.o
                0x000008c2                _ZN13LiquidCrystal10write4bitsEh
 .text._ZN13LiquidCrystal10write8bitsEh
                0x0000091c       0x5a LiquidCrystal.o
                0x0000091c                _ZN13LiquidCrystal10write8bitsEh
 .text._ZN13LiquidCrystal4sendEhh
                0x00000976       0x58 LiquidCrystal.o
                0x00000976                _ZN13LiquidCrystal4sendEhh
 .text._ZN13LiquidCrystal5clearEv
                0x000009ce       0x12 LiquidCrystal.o
                0x000009ce                _ZN13LiquidCrystal5clearEv
 .text._ZN13LiquidCrystal7displayEv
                0x000009e0       0x14 LiquidCrystal.o
                0x000009e0                _ZN13LiquidCrystal7displayEv
 .text._ZN13LiquidCrystal5beginEhhh
                0x000009f4      0x176 LiquidCrystal.o
                0x000009f4                _ZN13LiquidCrystal5beginEhhh
 .text._ZN13LiquidCrystalC2Ehhhhhh
                0x00000b6a       0x42 LiquidCrystal.o
                0x00000b6a                _ZN13LiquidCrystalC1Ehhhhhh
                0x00000b6a                _ZN13LiquidCrystalC2Ehhhhhh
 .text._ZN13LiquidCrystal5writeEh
                0x00000bac        0xc LiquidCrystal.o
                0x00000bac                _ZN13LiquidCrystal5writeEh
 .text.setup    0x00000bb8       0x18 main.o
                0x00000bb8                setup
 .text.loop     0x00000bd0        0x6 main.o
                0x00000bd0                loop
 .text._GLOBAL__sub_I_lcd
                0x00000bd6       0x2e main.o
 .text.startup  0x00000c04       0xee C:\Users\brunn\AppData\Local\Temp\ccAK8Khk.ltrans0.ltrans.o
                0x00000c04                main
 .text.libgcc   0x00000cf2        0xc c:/program files (x86)/atmel/studio/7.0/toolchain/avr8/avr8-gnu-toolchain/bin/../lib/gcc/avr/5.4.0/avr5\libgcc.a(_tablejump2.o)
                0x00000cf2                __tablejump2__
 .text.libgcc.div
                0x00000cfe       0x44 c:/program files (x86)/atmel/studio/7.0/toolchain/avr8/avr8-gnu-toolchain/bin/../lib/gcc/avr/5.4.0/avr5\libgcc.a(_udivmodsi4.o)
                0x00000cfe                __udivmodsi4
 .text.avr-libc
                0x00000d42        0xa c:/program files (x86)/atmel/studio/7.0/toolchain/avr8/avr8-gnu-toolchain/bin/../lib/gcc/avr/5.4.0/../../../../avr/lib/avr5\libc.a(abort.o)
                0x00000d42                abort
                0x00000d4c                . = ALIGN (0x2)
 *(.fini9)
 .fini9         0x00000d4c        0x0 c:/program files (x86)/atmel/studio/7.0/toolchain/avr8/avr8-gnu-toolchain/bin/../lib/gcc/avr/5.4.0/avr5\libgcc.a(_exit.o)
                0x00000d4c                _exit
                0x00000d4c                exit
 *(.fini9)
 *(.fini8)
 *(.fini8)
 *(.fini7)
 *(.fini7)
 *(.fini6)
 *(.fini6)
 *(.fini5)
 *(.fini5)
 *(.fini4)
 *(.fini4)
 *(.fini3)
 *(.fini3)
 *(.fini2)
 *(.fini2)
 *(.fini1)
 *(.fini1)
 *(.fini0)
 .fini0         0x00000d4c        0x4 c:/program files (x86)/atmel/studio/7.0/toolchain/avr8/avr8-gnu-toolchain/bin/../lib/gcc/avr/5.4.0/avr5\libgcc.a(_exit.o)
 *(.fini0)
                0x00000d50                _etext = .

.data           0x00800100       0x22 load address 0x00000d50
                0x00800100                PROVIDE (__data_start, .)
 *(.data)
 *(.data*)
 *(.gnu.linkonce.d*)
 *(.rodata)
 .rodata        0x00800100       0x12 C:\Users\brunn\AppData\Local\Temp\ccAK8Khk.ltrans0.ltrans.o
 *(.rodata*)
 .rodata._ZTV13LiquidCrystal
                0x00800112        0xc LiquidCrystal.o
                0x00800112                _ZTV13LiquidCrystal
 .rodata.str1.1
                0x0080011e        0x3 C:\Users\brunn\AppData\Local\Temp\ccAK8Khk.ltrans0.ltrans.o
 *(.gnu.linkonce.r*)
                0x00800122                . = ALIGN (0x2)
 *fill*         0x00800121        0x1 
                0x00800122                _edata = .
                0x00800122                PROVIDE (__data_end, .)

.bss            0x00800122      0x121
                0x00800122                PROVIDE (__bss_start, .)
 *(.bss)
 .bss           0x00800122       0xa6 C:\Users\brunn\AppData\Local\Temp\ccAK8Khk.ltrans0.ltrans.o
                0x00800122                Serial
 *(.bss*)
 .bss.adc_channel_cfg
                0x008001c8       0x3c adc_driver.o
                0x008001c8                adc_channel_cfg
 .bss._ZL14actual_channel
                0x00800204        0x2 adc_driver.o
 .bss._ZL11anidamiento
                0x00800206        0x2 critical.o
 .bss._ZL13fnqueue_count
                0x00800208        0x1 fnqueue.o
 .bss._ZL12fnqueue_tail
                0x00800209        0x1 fnqueue.o
 .bss._ZL12fnqueue_head
                0x0080020a        0x1 fnqueue.o
 .bss._ZL17fnqueue_functions
                0x0080020b       0x20 fnqueue.o
 .bss.lcd       0x0080022b       0x18 main.o
                0x0080022b                lcd
 *(COMMON)
                0x00800243                PROVIDE (__bss_end, .)
                0x00000d50                __data_load_start = LOADADDR (.data)
                0x00000d72                __data_load_end = (__data_load_start + SIZEOF (.data))

.noinit         0x00800243        0x0
                [!provide]                PROVIDE (__noinit_start, .)
 *(.noinit*)
                [!provide]                PROVIDE (__noinit_end, .)
                0x00800243                _end = .
                [!provide]                PROVIDE (__heap_start, .)

.eeprom         0x00810000        0x0
 *(.eeprom*)
                0x00810000                __eeprom_end = .

.fuse
 *(.fuse)
 *(.lfuse)
 *(.hfuse)
 *(.efuse)

.lock
 *(.lock*)

.signature
 *(.signature*)

.user_signatures
 *(.user_signatures*)

.stab
 *(.stab)

.stabstr
 *(.stabstr)

.stab.excl
 *(.stab.excl)

.stab.exclstr
 *(.stab.exclstr)

.stab.index
 *(.stab.index)

.stab.indexstr
 *(.stab.indexstr)

.comment        0x00000000       0x30
 *(.comment)
 .comment       0x00000000       0x30 adc_driver.o
                                 0x31 (size before relaxing)
 .comment       0x00000030       0x31 critical.o
 .comment       0x00000030       0x31 fnqueue.o
 .comment       0x00000030       0x31 keyboard.o
 .comment       0x00000030       0x31 LiquidCrystal.o
 .comment       0x00000030       0x31 main.o
 .comment       0x00000030       0x31 C:\Users\brunn\AppData\Local\Temp\ccAK8Khk.ltrans0.ltrans.o

.note.gnu.avr.deviceinfo
                0x00000000       0x40
 .note.gnu.avr.deviceinfo
                0x00000000       0x40 C:/Program Files (x86)/Atmel/Studio/7.0/Packs/atmel/ATmega_DFP/1.2.209/gcc/dev/atmega328p/avr5/crtatmega328p.o

.note.gnu.build-id
 *(.note.gnu.build-id)

.debug
 *(.debug)

.line
 *(.line)

.debug_srcinfo
 *(.debug_srcinfo)

.debug_sfnames
 *(.debug_sfnames)

.debug_aranges  0x00000000      0x1f8
 *(.debug_aranges)
 .debug_aranges
                0x00000000       0x30 adc_driver.o
 .debug_aranges
                0x00000030       0x28 critical.o
 .debug_aranges
                0x00000058       0x30 fnqueue.o
 .debug_aranges
                0x00000088       0x38 keyboard.o
 .debug_aranges
                0x000000c0      0x108 LiquidCrystal.o
 .debug_aranges
                0x000001c8       0x30 main.o

.debug_pubnames
 *(.debug_pubnames)

.debug_info     0x00000000     0x2f7f
 *(.debug_info .gnu.linkonce.wi.*)
 .debug_info    0x00000000      0x5f4 C:/Program Files (x86)/Atmel/Studio/7.0/Packs/atmel/ATmega_DFP/1.2.209/gcc/dev/atmega328p/avr5/crtatmega328p.o
 .debug_info    0x000005f4      0x1b8 adc_driver.o
 .debug_info    0x000007ac       0xd9 critical.o
 .debug_info    0x00000885      0x1b8 fnqueue.o
 .debug_info    0x00000a3d      0x38a keyboard.o
 .debug_info    0x00000dc7     0x1e89 LiquidCrystal.o
 .debug_info    0x00002c50      0x32f main.o

.debug_abbrev   0x00000000      0xeda
 *(.debug_abbrev)
 .debug_abbrev  0x00000000      0x5a2 C:/Program Files (x86)/Atmel/Studio/7.0/Packs/atmel/ATmega_DFP/1.2.209/gcc/dev/atmega328p/avr5/crtatmega328p.o
 .debug_abbrev  0x000005a2      0x126 adc_driver.o
 .debug_abbrev  0x000006c8       0x6a critical.o
 .debug_abbrev  0x00000732       0xfb fnqueue.o
 .debug_abbrev  0x0000082d      0x1e1 keyboard.o
 .debug_abbrev  0x00000a0e      0x35e LiquidCrystal.o
 .debug_abbrev  0x00000d6c      0x16e main.o

.debug_line     0x00000000     0x1379
 *(.debug_line .debug_line.* .debug_line_end)
 .debug_line    0x00000000      0x133 C:/Program Files (x86)/Atmel/Studio/7.0/Packs/atmel/ATmega_DFP/1.2.209/gcc/dev/atmega328p/avr5/crtatmega328p.o
 .debug_line    0x00000133      0x125 adc_driver.o
 .debug_line    0x00000258      0x11d critical.o
 .debug_line    0x00000375      0x152 fnqueue.o
 .debug_line    0x000004c7      0x2d2 keyboard.o
 .debug_line    0x00000799      0x94c LiquidCrystal.o
 .debug_line    0x000010e5      0x294 main.o

.debug_frame    0x00000000      0x4fc
 *(.debug_frame)
 .debug_frame   0x00000000       0x6c adc_driver.o
 .debug_frame   0x0000006c       0x34 critical.o
 .debug_frame   0x000000a0       0x50 fnqueue.o
 .debug_frame   0x000000f0       0x60 keyboard.o
 .debug_frame   0x00000150      0x358 LiquidCrystal.o
 .debug_frame   0x000004a8       0x54 main.o

.debug_str      0x00000000      0xe15
 *(.debug_str)
 .debug_str     0x00000000      0x208 C:/Program Files (x86)/Atmel/Studio/7.0/Packs/atmel/ATmega_DFP/1.2.209/gcc/dev/atmega328p/avr5/crtatmega328p.o
 .debug_str     0x00000208      0x21e adc_driver.o
                                0x26b (size before relaxing)
 .debug_str     0x00000426       0x78 critical.o
                                0x21b (size before relaxing)
 .debug_str     0x0000049e       0xb9 fnqueue.o
                                0x2b8 (size before relaxing)
 .debug_str     0x00000557      0x1ca keyboard.o
                                0x38f (size before relaxing)
 .debug_str     0x00000721      0x67f LiquidCrystal.o
                                0x8dc (size before relaxing)
 .debug_str     0x00000da0       0x75 main.o
                                0x346 (size before relaxing)

.debug_loc      0x00000000     0x20b9
 *(.debug_loc)
 .debug_loc     0x00000000      0x161 adc_driver.o
 .debug_loc     0x00000161       0xc3 fnqueue.o
 .debug_loc     0x00000224       0xcb keyboard.o
 .debug_loc     0x000002ef     0x1d65 LiquidCrystal.o
 .debug_loc     0x00002054       0x65 main.o

.debug_macinfo
 *(.debug_macinfo)

.debug_weaknames
 *(.debug_weaknames)

.debug_funcnames
 *(.debug_funcnames)

.debug_typenames
 *(.debug_typenames)

.debug_varnames
 *(.debug_varnames)

.debug_pubtypes
 *(.debug_pubtypes)

.debug_ranges   0x00000000      0x198
 *(.debug_ranges)
 .debug_ranges  0x00000000       0x20 adc_driver.o
 .debug_ranges  0x00000020       0x18 critical.o
 .debug_ranges  0x00000038       0x20 fnqueue.o
 .debug_ranges  0x00000058       0x28 keyboard.o
 .debug_ranges  0x00000080       0xf8 LiquidCrystal.o
 .debug_ranges  0x00000178       0x20 main.o

.debug_macro
 *(.debug_macro)
OUTPUT(Actividad 1.elf elf32-avr)
LOAD linker stubs
